2023-12-10 15:51:10,134 - fast_influxdb_client.fast_influxdb_client - INFO - Sent metric: InfluxMetric: py_metric1-['data1:0.8433355753422996', 'data2:84', 'data3:False'] at 2023-12-10 23:51:10.134114+00:00
2023-12-10 15:51:11,148 - fast_influxdb_client.fast_influxdb_client - INFO - Sent metric: InfluxMetric: py_metric1-['data1:0.8313934553407619', 'data2:40', 'data3:False'] at 2023-12-10 23:51:11.148402+00:00
2023-12-10 15:51:12,152 - fast_influxdb_client.fast_influxdb_client - INFO - Sent metric: InfluxMetric: py_metric1-['data1:0.17906765862273677', 'data2:29', 'data3:False'] at 2023-12-10 23:51:12.152305+00:00
2023-12-10 15:51:13,154 - fast_influxdb_client.fast_influxdb_client - INFO - Sent metric: InfluxMetric: py_metric1-['data1:0.3947060693763297', 'data2:57', 'data3:True'] at 2023-12-10 23:51:13.154547+00:00
2023-12-10 15:51:14,157 - fast_influxdb_client.fast_influxdb_client - INFO - Sent metric: InfluxMetric: py_metric1-['data1:0.6833967940116701', 'data2:24', 'data3:False'] at 2023-12-10 23:51:14.157564+00:00
2023-12-10 15:51:15,160 - fast_influxdb_client.fast_influxdb_client - INFO - Sent metric: InfluxMetric: py_metric1-['data1:0.35709700595900773', 'data2:69', 'data3:True'] at 2023-12-10 23:51:15.160097+00:00
2023-12-10 15:51:16,162 - fast_influxdb_client.fast_influxdb_client - INFO - Sent metric: InfluxMetric: py_metric1-['data1:0.1773455182009458', 'data2:25', 'data3:True'] at 2023-12-10 23:51:16.162580+00:00
2023-12-10 15:51:17,166 - fast_influxdb_client.fast_influxdb_client - INFO - Sent metric: InfluxMetric: py_metric1-['data1:0.6729214353735551', 'data2:42', 'data3:True'] at 2023-12-10 23:51:17.166273+00:00
2023-12-10 15:51:18,169 - fast_influxdb_client.fast_influxdb_client - INFO - Sent metric: InfluxMetric: py_metric1-['data1:0.19257432540525776', 'data2:98', 'data3:False'] at 2023-12-10 23:51:18.169147+00:00
2023-12-10 15:51:19,171 - fast_influxdb_client.fast_influxdb_client - INFO - Sent metric: InfluxMetric: py_metric1-['data1:0.8888077996272289', 'data2:86', 'data3:True'] at 2023-12-10 23:51:19.171782+00:00
2023-12-10 15:51:20,174 - fast_influxdb_client.fast_influxdb_client - INFO - Sent metric: InfluxMetric: py_metric1-['data1:0.12681072799955562', 'data2:71', 'data3:False'] at 2023-12-10 23:51:20.174207+00:00
2023-12-10 15:51:21,176 - fast_influxdb_client.fast_influxdb_client - INFO - Sent metric: InfluxMetric: py_metric1-['data1:0.2850765353310496', 'data2:75', 'data3:True'] at 2023-12-10 23:51:21.176804+00:00
2023-12-10 15:51:22,179 - fast_influxdb_client.fast_influxdb_client - INFO - Sent metric: InfluxMetric: py_metric1-['data1:0.24641336136201675', 'data2:35', 'data3:False'] at 2023-12-10 23:51:22.179728+00:00
2023-12-10 15:51:23,182 - fast_influxdb_client.fast_influxdb_client - INFO - Sent metric: InfluxMetric: py_metric1-['data1:0.6619512177805711', 'data2:84', 'data3:True'] at 2023-12-10 23:51:23.182337+00:00
2023-12-10 15:51:24,185 - fast_influxdb_client.fast_influxdb_client - INFO - Sent metric: InfluxMetric: py_metric1-['data1:0.6043509276295511', 'data2:15', 'data3:False'] at 2023-12-10 23:51:24.185125+00:00
2023-12-10 15:51:25,187 - fast_influxdb_client.fast_influxdb_client - INFO - Sent metric: InfluxMetric: py_metric1-['data1:0.3448503420754381', 'data2:24', 'data3:False'] at 2023-12-10 23:51:25.187930+00:00
2023-12-10 15:51:26,190 - fast_influxdb_client.fast_influxdb_client - INFO - Sent metric: InfluxMetric: py_metric1-['data1:0.8321961202370218', 'data2:36', 'data3:True'] at 2023-12-10 23:51:26.190519+00:00
2023-12-10 15:51:27,193 - fast_influxdb_client.fast_influxdb_client - INFO - Sent metric: InfluxMetric: py_metric1-['data1:0.34163873663397015', 'data2:29', 'data3:False'] at 2023-12-10 23:51:27.193576+00:00
2023-12-10 15:51:28,196 - fast_influxdb_client.fast_influxdb_client - INFO - Sent metric: InfluxMetric: py_metric1-['data1:0.11685462668464686', 'data2:35', 'data3:False'] at 2023-12-10 23:51:28.196678+00:00
2023-12-10 15:51:29,199 - fast_influxdb_client.fast_influxdb_client - INFO - Sent metric: InfluxMetric: py_metric1-['data1:0.946425075545144', 'data2:38', 'data3:True'] at 2023-12-10 23:51:29.199477+00:00
2023-12-10 15:51:30,203 - fast_influxdb_client.fast_influxdb_client - INFO - Sent metric: InfluxMetric: py_metric1-['data1:0.8387687810517299', 'data2:39', 'data3:False'] at 2023-12-10 23:51:30.203127+00:00
2023-12-10 15:51:31,207 - fast_influxdb_client.fast_influxdb_client - INFO - Sent metric: InfluxMetric: py_metric1-['data1:0.048202765397596825', 'data2:34', 'data3:True'] at 2023-12-10 23:51:31.207896+00:00
2023-12-10 15:51:32,210 - fast_influxdb_client.fast_influxdb_client - INFO - Sent metric: InfluxMetric: py_metric1-['data1:0.686912421160075', 'data2:40', 'data3:False'] at 2023-12-10 23:51:32.210677+00:00
2023-12-10 15:51:33,213 - fast_influxdb_client.fast_influxdb_client - INFO - Sent metric: InfluxMetric: py_metric1-['data1:0.3615490372173574', 'data2:81', 'data3:True'] at 2023-12-10 23:51:33.213220+00:00
2023-12-10 15:51:34,215 - fast_influxdb_client.fast_influxdb_client - INFO - Sent metric: InfluxMetric: py_metric1-['data1:0.2435062850254578', 'data2:17', 'data3:True'] at 2023-12-10 23:51:34.215774+00:00
2023-12-10 15:51:35,220 - fast_influxdb_client.fast_influxdb_client - INFO - Sent metric: InfluxMetric: py_metric1-['data1:0.9796281363048421', 'data2:71', 'data3:True'] at 2023-12-10 23:51:35.220444+00:00
2023-12-10 15:51:36,223 - fast_influxdb_client.fast_influxdb_client - INFO - Sent metric: InfluxMetric: py_metric1-['data1:0.2324326135751008', 'data2:33', 'data3:False'] at 2023-12-10 23:51:36.223205+00:00
2023-12-10 15:51:37,226 - fast_influxdb_client.fast_influxdb_client - INFO - Sent metric: InfluxMetric: py_metric1-['data1:0.5386659615566183', 'data2:92', 'data3:False'] at 2023-12-10 23:51:37.226833+00:00
2023-12-10 15:51:38,229 - fast_influxdb_client.fast_influxdb_client - INFO - Sent metric: InfluxMetric: py_metric1-['data1:0.8773764579222534', 'data2:93', 'data3:False'] at 2023-12-10 23:51:38.229383+00:00
2023-12-10 15:51:39,232 - fast_influxdb_client.fast_influxdb_client - INFO - Sent metric: InfluxMetric: py_metric1-['data1:0.4753029132070299', 'data2:16', 'data3:False'] at 2023-12-10 23:51:39.232098+00:00
2023-12-10 15:51:40,234 - fast_influxdb_client.fast_influxdb_client - INFO - Sent metric: InfluxMetric: py_metric1-['data1:0.2869575513064314', 'data2:43', 'data3:True'] at 2023-12-10 23:51:40.234708+00:00
2023-12-10 15:51:41,237 - fast_influxdb_client.fast_influxdb_client - INFO - Sent metric: InfluxMetric: py_metric1-['data1:0.025157497973248732', 'data2:63', 'data3:False'] at 2023-12-10 23:51:41.237471+00:00
2023-12-10 15:51:42,240 - fast_influxdb_client.fast_influxdb_client - INFO - Sent metric: InfluxMetric: py_metric1-['data1:0.47500595507196675', 'data2:41', 'data3:False'] at 2023-12-10 23:51:42.240212+00:00
2023-12-10 15:51:43,242 - fast_influxdb_client.fast_influxdb_client - INFO - Sent metric: InfluxMetric: py_metric1-['data1:0.030849950369758905', 'data2:74', 'data3:True'] at 2023-12-10 23:51:43.242991+00:00
2023-12-10 15:51:44,246 - fast_influxdb_client.fast_influxdb_client - INFO - Sent metric: InfluxMetric: py_metric1-['data1:0.9863706324612216', 'data2:29', 'data3:True'] at 2023-12-10 23:51:44.246432+00:00
2023-12-10 15:51:45,249 - fast_influxdb_client.fast_influxdb_client - INFO - Sent metric: InfluxMetric: py_metric1-['data1:0.9264212127963749', 'data2:0', 'data3:True'] at 2023-12-10 23:51:45.249910+00:00
2023-12-10 15:51:46,252 - fast_influxdb_client.fast_influxdb_client - INFO - Sent metric: InfluxMetric: py_metric1-['data1:0.7572773311923445', 'data2:58', 'data3:False'] at 2023-12-10 23:51:46.252316+00:00
2023-12-10 15:51:47,257 - fast_influxdb_client.fast_influxdb_client - INFO - Sent metric: InfluxMetric: py_metric1-['data1:0.43194190382208997', 'data2:73', 'data3:False'] at 2023-12-10 23:51:47.257240+00:00
2023-12-10 15:51:48,260 - fast_influxdb_client.fast_influxdb_client - INFO - Sent metric: InfluxMetric: py_metric1-['data1:0.6729661608606539', 'data2:36', 'data3:True'] at 2023-12-10 23:51:48.260242+00:00
2023-12-10 15:51:49,263 - fast_influxdb_client.fast_influxdb_client - INFO - Sent metric: InfluxMetric: py_metric1-['data1:0.24268883876920921', 'data2:57', 'data3:True'] at 2023-12-10 23:51:49.263077+00:00
2023-12-10 15:51:50,266 - fast_influxdb_client.fast_influxdb_client - INFO - Sent metric: InfluxMetric: py_metric1-['data1:0.49561723414581127', 'data2:32', 'data3:True'] at 2023-12-10 23:51:50.266694+00:00
2023-12-10 15:51:51,270 - fast_influxdb_client.fast_influxdb_client - INFO - Sent metric: InfluxMetric: py_metric1-['data1:0.6700285579260934', 'data2:0', 'data3:True'] at 2023-12-10 23:51:51.270396+00:00
2023-12-10 15:51:52,275 - fast_influxdb_client.fast_influxdb_client - INFO - Sent metric: InfluxMetric: py_metric1-['data1:0.8589972992615911', 'data2:30', 'data3:False'] at 2023-12-10 23:51:52.275237+00:00
2023-12-10 15:51:53,277 - fast_influxdb_client.fast_influxdb_client - INFO - Sent metric: InfluxMetric: py_metric1-['data1:0.5324779216714982', 'data2:15', 'data3:False'] at 2023-12-10 23:51:53.277863+00:00
2023-12-10 15:51:54,280 - fast_influxdb_client.fast_influxdb_client - INFO - Sent metric: InfluxMetric: py_metric1-['data1:0.5282277095166097', 'data2:93', 'data3:False'] at 2023-12-10 23:51:54.280681+00:00
2023-12-10 15:51:55,283 - fast_influxdb_client.fast_influxdb_client - INFO - Sent metric: InfluxMetric: py_metric1-['data1:0.36346826082808104', 'data2:75', 'data3:False'] at 2023-12-10 23:51:55.283388+00:00
2023-12-10 15:51:56,286 - fast_influxdb_client.fast_influxdb_client - INFO - Sent metric: InfluxMetric: py_metric1-['data1:0.2437208336301805', 'data2:57', 'data3:True'] at 2023-12-10 23:51:56.286166+00:00
2023-12-10 15:51:57,289 - fast_influxdb_client.fast_influxdb_client - INFO - Sent metric: InfluxMetric: py_metric1-['data1:0.14083840917658808', 'data2:72', 'data3:True'] at 2023-12-10 23:51:57.289818+00:00
2023-12-10 15:51:58,293 - fast_influxdb_client.fast_influxdb_client - INFO - Sent metric: InfluxMetric: py_metric1-['data1:0.005922951945571686', 'data2:57', 'data3:True'] at 2023-12-10 23:51:58.293930+00:00
2023-12-10 15:51:59,296 - fast_influxdb_client.fast_influxdb_client - INFO - Sent metric: InfluxMetric: py_metric1-['data1:0.47623828931825474', 'data2:76', 'data3:False'] at 2023-12-10 23:51:59.296951+00:00
2023-12-10 15:52:00,300 - fast_influxdb_client.fast_influxdb_client - INFO - Sent metric: InfluxMetric: py_metric1-['data1:0.14530117537470255', 'data2:47', 'data3:True'] at 2023-12-10 23:52:00.300549+00:00
2023-12-10 15:52:01,306 - fast_influxdb_client.fast_influxdb_client - INFO - Sent metric: InfluxMetric: py_metric1-['data1:0.6647439694748917', 'data2:76', 'data3:True'] at 2023-12-10 23:52:01.306021+00:00
2023-12-10 15:52:02,308 - fast_influxdb_client.fast_influxdb_client - INFO - Sent metric: InfluxMetric: py_metric1-['data1:0.5278759905639756', 'data2:33', 'data3:True'] at 2023-12-10 23:52:02.308432+00:00
2023-12-10 15:52:03,311 - fast_influxdb_client.fast_influxdb_client - INFO - Sent metric: InfluxMetric: py_metric1-['data1:0.43982260160599873', 'data2:59', 'data3:False'] at 2023-12-10 23:52:03.311037+00:00
2023-12-10 15:52:04,313 - fast_influxdb_client.fast_influxdb_client - INFO - Sent metric: InfluxMetric: py_metric1-['data1:0.09425829869613189', 'data2:81', 'data3:True'] at 2023-12-10 23:52:04.313937+00:00
2023-12-10 15:52:05,317 - fast_influxdb_client.fast_influxdb_client - INFO - Sent metric: InfluxMetric: py_metric1-['data1:0.5932174268931577', 'data2:41', 'data3:False'] at 2023-12-10 23:52:05.317659+00:00
2023-12-10 15:52:06,322 - fast_influxdb_client.fast_influxdb_client - INFO - Sent metric: InfluxMetric: py_metric1-['data1:0.2213860870931753', 'data2:92', 'data3:True'] at 2023-12-10 23:52:06.322256+00:00
2023-12-10 15:52:07,325 - fast_influxdb_client.fast_influxdb_client - INFO - Sent metric: InfluxMetric: py_metric1-['data1:0.2076760962324834', 'data2:64', 'data3:False'] at 2023-12-10 23:52:07.325364+00:00
2023-12-10 15:52:08,327 - fast_influxdb_client.fast_influxdb_client - INFO - Sent metric: InfluxMetric: py_metric1-['data1:0.9405219939148626', 'data2:31', 'data3:False'] at 2023-12-10 23:52:08.327748+00:00
2023-12-10 15:52:09,330 - fast_influxdb_client.fast_influxdb_client - INFO - Sent metric: InfluxMetric: py_metric1-['data1:0.2674099007080595', 'data2:19', 'data3:False'] at 2023-12-10 23:52:09.330377+00:00
2023-12-10 15:52:10,333 - fast_influxdb_client.fast_influxdb_client - INFO - Sent metric: InfluxMetric: py_metric1-['data1:0.25499317421066203', 'data2:75', 'data3:False'] at 2023-12-10 23:52:10.333346+00:00
2023-12-10 15:52:11,337 - fast_influxdb_client.fast_influxdb_client - INFO - Sent metric: InfluxMetric: py_metric1-['data1:0.8292422424277555', 'data2:62', 'data3:False'] at 2023-12-10 23:52:11.337112+00:00
2023-12-10 15:52:12,339 - fast_influxdb_client.fast_influxdb_client - INFO - Sent metric: InfluxMetric: py_metric1-['data1:0.15060559796554185', 'data2:60', 'data3:False'] at 2023-12-10 23:52:12.339977+00:00
2023-12-10 15:52:13,342 - fast_influxdb_client.fast_influxdb_client - INFO - Sent metric: InfluxMetric: py_metric1-['data1:0.029353600888640807', 'data2:81', 'data3:True'] at 2023-12-10 23:52:13.342353+00:00
2023-12-10 15:52:14,345 - fast_influxdb_client.fast_influxdb_client - INFO - Sent metric: InfluxMetric: py_metric1-['data1:0.4240074923746576', 'data2:40', 'data3:False'] at 2023-12-10 23:52:14.345212+00:00
2023-12-10 15:52:15,348 - fast_influxdb_client.fast_influxdb_client - INFO - Sent metric: InfluxMetric: py_metric1-['data1:0.06928442203886598', 'data2:86', 'data3:True'] at 2023-12-10 23:52:15.348160+00:00
2023-12-10 15:52:16,350 - fast_influxdb_client.fast_influxdb_client - INFO - Sent metric: InfluxMetric: py_metric1-['data1:0.488111039214183', 'data2:59', 'data3:True'] at 2023-12-10 23:52:16.350520+00:00
2023-12-10 15:52:17,353 - fast_influxdb_client.fast_influxdb_client - INFO - Sent metric: InfluxMetric: py_metric1-['data1:0.7474643349280028', 'data2:32', 'data3:True'] at 2023-12-10 23:52:17.353756+00:00
2023-12-10 15:52:18,360 - fast_influxdb_client.fast_influxdb_client - INFO - Sent metric: InfluxMetric: py_metric1-['data1:0.8862604264711746', 'data2:23', 'data3:True'] at 2023-12-10 23:52:18.360295+00:00
2023-12-10 15:52:19,364 - fast_influxdb_client.fast_influxdb_client - INFO - Sent metric: InfluxMetric: py_metric1-['data1:0.6903363243978552', 'data2:92', 'data3:False'] at 2023-12-10 23:52:19.364053+00:00
2023-12-10 15:52:20,366 - fast_influxdb_client.fast_influxdb_client - INFO - Sent metric: InfluxMetric: py_metric1-['data1:0.13976220385466387', 'data2:38', 'data3:True'] at 2023-12-10 23:52:20.366455+00:00
2023-12-10 15:52:21,369 - fast_influxdb_client.fast_influxdb_client - INFO - Sent metric: InfluxMetric: py_metric1-['data1:0.33901758848568386', 'data2:64', 'data3:False'] at 2023-12-10 23:52:21.369255+00:00
2023-12-10 15:52:22,371 - fast_influxdb_client.fast_influxdb_client - INFO - Sent metric: InfluxMetric: py_metric1-['data1:0.9427878590430675', 'data2:4', 'data3:True'] at 2023-12-10 23:52:22.371523+00:00
2023-12-10 15:52:23,376 - fast_influxdb_client.fast_influxdb_client - INFO - Sent metric: InfluxMetric: py_metric1-['data1:0.8173064094980862', 'data2:77', 'data3:True'] at 2023-12-10 23:52:23.376817+00:00
2023-12-10 15:52:24,379 - fast_influxdb_client.fast_influxdb_client - INFO - Sent metric: InfluxMetric: py_metric1-['data1:0.8496909604199703', 'data2:62', 'data3:False'] at 2023-12-10 23:52:24.379286+00:00
2023-12-10 15:52:25,381 - fast_influxdb_client.fast_influxdb_client - INFO - Sent metric: InfluxMetric: py_metric1-['data1:0.5502005088682588', 'data2:88', 'data3:True'] at 2023-12-10 23:52:25.381815+00:00
2023-12-10 15:52:26,384 - fast_influxdb_client.fast_influxdb_client - INFO - Sent metric: InfluxMetric: py_metric1-['data1:0.9818210344622413', 'data2:87', 'data3:True'] at 2023-12-10 23:52:26.384782+00:00
2023-12-12 17:05:40,492 - fast_influxdb_client.fast_influxdb_client - ERROR - Failed to write data to InfluxDB: 'LoggingActionOutcome' object is not callable
2023-12-12 17:06:34,785 - fast_influxdb_client.fast_influxdb_client - ERROR - None
2023-12-12 17:06:34,799 - fast_influxdb_client.fast_influxdb_client - INFO - Sent metric: InfluxMetric: py_metric1-['data1:0.016292961249762983', 'data2:59', 'data3:False'] at 2023-12-13 01:06:34.784185+00:00
2023-12-12 17:06:35,801 - fast_influxdb_client.fast_influxdb_client - ERROR - None
2023-12-12 17:06:35,803 - fast_influxdb_client.fast_influxdb_client - INFO - Sent metric: InfluxMetric: py_metric1-['data1:0.8321180147116244', 'data2:100', 'data3:False'] at 2023-12-13 01:06:35.801329+00:00
2023-12-12 17:06:36,807 - fast_influxdb_client.fast_influxdb_client - ERROR - None
2023-12-12 17:06:36,809 - fast_influxdb_client.fast_influxdb_client - INFO - Sent metric: InfluxMetric: py_metric1-['data1:0.8880356497742437', 'data2:61', 'data3:False'] at 2023-12-13 01:06:36.807814+00:00
2023-12-12 17:06:37,811 - fast_influxdb_client.fast_influxdb_client - ERROR - None
2023-12-12 17:06:37,813 - fast_influxdb_client.fast_influxdb_client - INFO - Sent metric: InfluxMetric: py_metric1-['data1:0.26887490469125586', 'data2:0', 'data3:True'] at 2023-12-13 01:06:37.811822+00:00
2023-12-12 17:06:38,816 - fast_influxdb_client.fast_influxdb_client - ERROR - None
2023-12-12 17:06:38,818 - fast_influxdb_client.fast_influxdb_client - INFO - Sent metric: InfluxMetric: py_metric1-['data1:0.45405370696056035', 'data2:89', 'data3:False'] at 2023-12-13 01:06:38.816330+00:00
2023-12-12 17:06:39,822 - fast_influxdb_client.fast_influxdb_client - ERROR - None
2023-12-12 17:06:39,825 - fast_influxdb_client.fast_influxdb_client - INFO - Sent metric: InfluxMetric: py_metric1-['data1:0.013974204358778386', 'data2:47', 'data3:False'] at 2023-12-13 01:06:39.822558+00:00
2023-12-12 17:06:40,828 - fast_influxdb_client.fast_influxdb_client - ERROR - None
2023-12-12 17:06:40,834 - fast_influxdb_client.fast_influxdb_client - INFO - Sent metric: InfluxMetric: py_metric1-['data1:0.49638676618587674', 'data2:11', 'data3:False'] at 2023-12-13 01:06:40.828331+00:00
2023-12-12 17:06:41,837 - fast_influxdb_client.fast_influxdb_client - ERROR - None
2023-12-12 17:06:41,839 - fast_influxdb_client.fast_influxdb_client - INFO - Sent metric: InfluxMetric: py_metric1-['data1:0.6243908980440449', 'data2:49', 'data3:True'] at 2023-12-13 01:06:41.837563+00:00
2023-12-12 17:06:42,842 - fast_influxdb_client.fast_influxdb_client - ERROR - None
2023-12-12 17:06:42,844 - fast_influxdb_client.fast_influxdb_client - INFO - Sent metric: InfluxMetric: py_metric1-['data1:0.8272410235791177', 'data2:51', 'data3:True'] at 2023-12-13 01:06:42.842173+00:00
2023-12-12 17:06:43,848 - fast_influxdb_client.fast_influxdb_client - ERROR - None
2023-12-12 17:06:43,851 - fast_influxdb_client.fast_influxdb_client - INFO - Sent metric: InfluxMetric: py_metric1-['data1:0.9203808828799869', 'data2:26', 'data3:False'] at 2023-12-13 01:06:43.848369+00:00
2023-12-12 17:06:44,853 - fast_influxdb_client.fast_influxdb_client - ERROR - None
2023-12-12 17:06:44,855 - fast_influxdb_client.fast_influxdb_client - INFO - Sent metric: InfluxMetric: py_metric1-['data1:0.052481551363938395', 'data2:69', 'data3:True'] at 2023-12-13 01:06:44.853568+00:00
2023-12-12 17:06:45,858 - fast_influxdb_client.fast_influxdb_client - ERROR - None
2023-12-12 17:06:45,860 - fast_influxdb_client.fast_influxdb_client - INFO - Sent metric: InfluxMetric: py_metric1-['data1:0.7445284906958184', 'data2:62', 'data3:True'] at 2023-12-13 01:06:45.858677+00:00
2023-12-12 17:06:46,863 - fast_influxdb_client.fast_influxdb_client - ERROR - None
2023-12-12 17:06:46,867 - fast_influxdb_client.fast_influxdb_client - INFO - Sent metric: InfluxMetric: py_metric1-['data1:0.8437208612770477', 'data2:46', 'data3:True'] at 2023-12-13 01:06:46.863205+00:00
2023-12-12 17:06:47,870 - fast_influxdb_client.fast_influxdb_client - ERROR - None
2023-12-12 17:06:47,873 - fast_influxdb_client.fast_influxdb_client - INFO - Sent metric: InfluxMetric: py_metric1-['data1:0.14083196503447004', 'data2:38', 'data3:False'] at 2023-12-13 01:06:47.870090+00:00
2023-12-12 17:06:48,875 - fast_influxdb_client.fast_influxdb_client - ERROR - None
2023-12-12 17:06:48,877 - fast_influxdb_client.fast_influxdb_client - INFO - Sent metric: InfluxMetric: py_metric1-['data1:0.909583293268816', 'data2:64', 'data3:True'] at 2023-12-13 01:06:48.875043+00:00
2023-12-12 17:06:49,880 - fast_influxdb_client.fast_influxdb_client - ERROR - None
2023-12-12 17:06:49,882 - fast_influxdb_client.fast_influxdb_client - INFO - Sent metric: InfluxMetric: py_metric1-['data1:0.6929646714526603', 'data2:70', 'data3:True'] at 2023-12-13 01:06:49.880042+00:00
2023-12-12 17:06:50,884 - fast_influxdb_client.fast_influxdb_client - ERROR - None
2023-12-12 17:06:50,886 - fast_influxdb_client.fast_influxdb_client - INFO - Sent metric: InfluxMetric: py_metric1-['data1:0.796467665413841', 'data2:73', 'data3:True'] at 2023-12-13 01:06:50.884492+00:00
2023-12-12 17:06:51,889 - fast_influxdb_client.fast_influxdb_client - ERROR - None
2023-12-12 17:06:51,892 - fast_influxdb_client.fast_influxdb_client - INFO - Sent metric: InfluxMetric: py_metric1-['data1:0.32067756438575357', 'data2:50', 'data3:False'] at 2023-12-13 01:06:51.889763+00:00
2023-12-12 17:06:52,894 - fast_influxdb_client.fast_influxdb_client - ERROR - None
2023-12-12 17:06:52,896 - fast_influxdb_client.fast_influxdb_client - INFO - Sent metric: InfluxMetric: py_metric1-['data1:0.12115381146537818', 'data2:24', 'data3:True'] at 2023-12-13 01:06:52.894959+00:00
2023-12-12 17:06:53,899 - fast_influxdb_client.fast_influxdb_client - ERROR - None
2023-12-12 17:06:53,903 - fast_influxdb_client.fast_influxdb_client - INFO - Sent metric: InfluxMetric: py_metric1-['data1:0.6790858233886575', 'data2:40', 'data3:True'] at 2023-12-13 01:06:53.899546+00:00
2023-12-12 17:06:54,906 - fast_influxdb_client.fast_influxdb_client - ERROR - None
2023-12-12 17:06:54,909 - fast_influxdb_client.fast_influxdb_client - INFO - Sent metric: InfluxMetric: py_metric1-['data1:0.501851683319633', 'data2:90', 'data3:False'] at 2023-12-13 01:06:54.906542+00:00
2023-12-12 17:06:55,911 - fast_influxdb_client.fast_influxdb_client - ERROR - None
2023-12-12 17:06:55,913 - fast_influxdb_client.fast_influxdb_client - INFO - Sent metric: InfluxMetric: py_metric1-['data1:0.7040281242800457', 'data2:67', 'data3:False'] at 2023-12-13 01:06:55.911447+00:00
2023-12-12 17:06:56,916 - fast_influxdb_client.fast_influxdb_client - ERROR - None
2023-12-12 17:06:56,920 - fast_influxdb_client.fast_influxdb_client - INFO - Sent metric: InfluxMetric: py_metric1-['data1:0.20926187028928933', 'data2:78', 'data3:True'] at 2023-12-13 01:06:56.916034+00:00
2023-12-12 17:06:57,922 - fast_influxdb_client.fast_influxdb_client - ERROR - None
2023-12-12 17:06:57,924 - fast_influxdb_client.fast_influxdb_client - INFO - Sent metric: InfluxMetric: py_metric1-['data1:0.14175500588804002', 'data2:48', 'data3:True'] at 2023-12-13 01:06:57.922546+00:00
2023-12-12 17:06:58,927 - fast_influxdb_client.fast_influxdb_client - ERROR - None
2023-12-12 17:06:58,929 - fast_influxdb_client.fast_influxdb_client - INFO - Sent metric: InfluxMetric: py_metric1-['data1:0.3883288475164792', 'data2:41', 'data3:True'] at 2023-12-13 01:06:58.927569+00:00
2023-12-12 17:06:59,932 - fast_influxdb_client.fast_influxdb_client - ERROR - None
2023-12-12 17:06:59,936 - fast_influxdb_client.fast_influxdb_client - INFO - Sent metric: InfluxMetric: py_metric1-['data1:0.12081607702458208', 'data2:67', 'data3:True'] at 2023-12-13 01:06:59.932190+00:00
2023-12-12 17:07:00,938 - fast_influxdb_client.fast_influxdb_client - ERROR - None
2023-12-12 17:07:00,941 - fast_influxdb_client.fast_influxdb_client - INFO - Sent metric: InfluxMetric: py_metric1-['data1:0.4719597425613167', 'data2:13', 'data3:False'] at 2023-12-13 01:07:00.938990+00:00
2023-12-12 17:07:01,943 - fast_influxdb_client.fast_influxdb_client - ERROR - None
2023-12-12 17:07:01,945 - fast_influxdb_client.fast_influxdb_client - INFO - Sent metric: InfluxMetric: py_metric1-['data1:0.5735117332202616', 'data2:100', 'data3:False'] at 2023-12-13 01:07:01.943546+00:00
2023-12-12 17:07:02,950 - fast_influxdb_client.fast_influxdb_client - ERROR - None
2023-12-12 17:07:02,953 - fast_influxdb_client.fast_influxdb_client - INFO - Sent metric: InfluxMetric: py_metric1-['data1:0.21505863203571196', 'data2:45', 'data3:False'] at 2023-12-13 01:07:02.950833+00:00
2023-12-12 17:07:03,955 - fast_influxdb_client.fast_influxdb_client - ERROR - None
2023-12-12 17:07:03,959 - fast_influxdb_client.fast_influxdb_client - INFO - Sent metric: InfluxMetric: py_metric1-['data1:0.890351094923548', 'data2:64', 'data3:False'] at 2023-12-13 01:07:03.955692+00:00
2023-12-12 17:07:04,962 - fast_influxdb_client.fast_influxdb_client - ERROR - None
2023-12-12 17:07:04,964 - fast_influxdb_client.fast_influxdb_client - INFO - Sent metric: InfluxMetric: py_metric1-['data1:0.382103156045711', 'data2:80', 'data3:True'] at 2023-12-13 01:07:04.962695+00:00
2023-12-12 17:07:05,967 - fast_influxdb_client.fast_influxdb_client - ERROR - None
2023-12-12 17:07:05,970 - fast_influxdb_client.fast_influxdb_client - INFO - Sent metric: InfluxMetric: py_metric1-['data1:0.7579712596900109', 'data2:96', 'data3:False'] at 2023-12-13 01:07:05.967040+00:00
2023-12-12 17:07:06,974 - fast_influxdb_client.fast_influxdb_client - ERROR - None
2023-12-12 17:07:06,976 - fast_influxdb_client.fast_influxdb_client - INFO - Sent metric: InfluxMetric: py_metric1-['data1:0.532691051513826', 'data2:35', 'data3:False'] at 2023-12-13 01:07:06.974170+00:00
2023-12-12 17:07:07,979 - fast_influxdb_client.fast_influxdb_client - ERROR - None
2023-12-12 17:07:07,985 - fast_influxdb_client.fast_influxdb_client - INFO - Sent metric: InfluxMetric: py_metric1-['data1:0.5250796878514498', 'data2:35', 'data3:True'] at 2023-12-13 01:07:07.979079+00:00
2023-12-12 17:07:08,987 - fast_influxdb_client.fast_influxdb_client - ERROR - None
2023-12-12 17:07:08,990 - fast_influxdb_client.fast_influxdb_client - INFO - Sent metric: InfluxMetric: py_metric1-['data1:0.11052574152888583', 'data2:9', 'data3:False'] at 2023-12-13 01:07:08.987830+00:00
2023-12-12 17:07:09,992 - fast_influxdb_client.fast_influxdb_client - ERROR - None
2023-12-12 17:07:09,994 - fast_influxdb_client.fast_influxdb_client - INFO - Sent metric: InfluxMetric: py_metric1-['data1:0.3889124848808847', 'data2:64', 'data3:False'] at 2023-12-13 01:07:09.992545+00:00
2023-12-12 17:07:10,997 - fast_influxdb_client.fast_influxdb_client - ERROR - None
2023-12-12 17:07:10,999 - fast_influxdb_client.fast_influxdb_client - INFO - Sent metric: InfluxMetric: py_metric1-['data1:0.19509375904491166', 'data2:14', 'data3:False'] at 2023-12-13 01:07:10.997170+00:00
2023-12-12 17:07:12,002 - fast_influxdb_client.fast_influxdb_client - ERROR - None
2023-12-12 17:07:12,003 - fast_influxdb_client.fast_influxdb_client - INFO - Sent metric: InfluxMetric: py_metric1-['data1:0.5316778660393583', 'data2:49', 'data3:True'] at 2023-12-13 01:07:12.002172+00:00
2023-12-12 17:07:13,007 - fast_influxdb_client.fast_influxdb_client - ERROR - None
2023-12-12 17:07:13,009 - fast_influxdb_client.fast_influxdb_client - INFO - Sent metric: InfluxMetric: py_metric1-['data1:0.1921063813272812', 'data2:37', 'data3:False'] at 2023-12-13 01:07:13.007074+00:00
2023-12-12 17:07:14,014 - fast_influxdb_client.fast_influxdb_client - ERROR - None
2023-12-12 17:07:14,016 - fast_influxdb_client.fast_influxdb_client - INFO - Sent metric: InfluxMetric: py_metric1-['data1:0.9105826236654622', 'data2:61', 'data3:True'] at 2023-12-13 01:07:14.013862+00:00
2023-12-12 17:07:15,019 - fast_influxdb_client.fast_influxdb_client - ERROR - None
2023-12-12 17:07:15,025 - fast_influxdb_client.fast_influxdb_client - INFO - Sent metric: InfluxMetric: py_metric1-['data1:0.9281050936963494', 'data2:72', 'data3:False'] at 2023-12-13 01:07:15.019448+00:00
2023-12-12 17:07:32,329 - fast_influxdb_client.fast_influxdb_client - ERROR - None
2023-12-12 17:07:32,343 - fast_influxdb_client.fast_influxdb_client - INFO - Sent metric: InfluxMetric: py_metric1-['data1:0.9266297310328946', 'data2:30', 'data3:False'] at 2023-12-13 01:07:32.328645+00:00
2023-12-12 17:07:33,345 - fast_influxdb_client.fast_influxdb_client - ERROR - None
2023-12-12 17:07:33,347 - fast_influxdb_client.fast_influxdb_client - INFO - Sent metric: InfluxMetric: py_metric1-['data1:0.534676189960612', 'data2:41', 'data3:True'] at 2023-12-13 01:07:33.345390+00:00
2023-12-12 17:07:34,350 - fast_influxdb_client.fast_influxdb_client - ERROR - None
2023-12-12 17:07:34,352 - fast_influxdb_client.fast_influxdb_client - INFO - Sent metric: InfluxMetric: py_metric1-['data1:0.3369235479101649', 'data2:44', 'data3:False'] at 2023-12-13 01:07:34.350038+00:00
2023-12-12 17:07:35,353 - fast_influxdb_client.fast_influxdb_client - ERROR - None
2023-12-12 17:07:35,355 - fast_influxdb_client.fast_influxdb_client - INFO - Sent metric: InfluxMetric: py_metric1-['data1:0.22791493511252414', 'data2:74', 'data3:False'] at 2023-12-13 01:07:35.353796+00:00
2023-12-12 17:07:36,358 - fast_influxdb_client.fast_influxdb_client - ERROR - None
2023-12-12 17:07:36,360 - fast_influxdb_client.fast_influxdb_client - INFO - Sent metric: InfluxMetric: py_metric1-['data1:0.36188857319906886', 'data2:53', 'data3:True'] at 2023-12-13 01:07:36.358598+00:00
2023-12-12 17:07:37,363 - fast_influxdb_client.fast_influxdb_client - ERROR - None
2023-12-12 17:07:37,368 - fast_influxdb_client.fast_influxdb_client - INFO - Sent metric: InfluxMetric: py_metric1-['data1:0.5659889334777357', 'data2:87', 'data3:False'] at 2023-12-13 01:07:37.363166+00:00
2023-12-12 17:07:38,370 - fast_influxdb_client.fast_influxdb_client - ERROR - None
2023-12-12 17:07:38,372 - fast_influxdb_client.fast_influxdb_client - INFO - Sent metric: InfluxMetric: py_metric1-['data1:0.6607420224547966', 'data2:45', 'data3:False'] at 2023-12-13 01:07:38.370645+00:00
2023-12-12 17:07:39,375 - fast_influxdb_client.fast_influxdb_client - ERROR - None
2023-12-12 17:07:39,379 - fast_influxdb_client.fast_influxdb_client - INFO - Sent metric: InfluxMetric: py_metric1-['data1:0.04494921895383974', 'data2:68', 'data3:False'] at 2023-12-13 01:07:39.375537+00:00
2023-12-12 17:07:40,382 - fast_influxdb_client.fast_influxdb_client - ERROR - None
2023-12-12 17:07:40,384 - fast_influxdb_client.fast_influxdb_client - INFO - Sent metric: InfluxMetric: py_metric1-['data1:0.43563799032857053', 'data2:82', 'data3:True'] at 2023-12-13 01:07:40.382541+00:00
2023-12-12 17:07:41,386 - fast_influxdb_client.fast_influxdb_client - ERROR - None
2023-12-12 17:07:41,389 - fast_influxdb_client.fast_influxdb_client - INFO - Sent metric: InfluxMetric: py_metric1-['data1:0.20126702545390496', 'data2:15', 'data3:False'] at 2023-12-13 01:07:41.386974+00:00
2023-12-12 17:07:42,391 - fast_influxdb_client.fast_influxdb_client - ERROR - None
2023-12-12 17:07:42,394 - fast_influxdb_client.fast_influxdb_client - INFO - Sent metric: InfluxMetric: py_metric1-['data1:0.48179477681661975', 'data2:9', 'data3:False'] at 2023-12-13 01:07:42.391540+00:00
2023-12-12 17:07:43,396 - fast_influxdb_client.fast_influxdb_client - ERROR - None
2023-12-12 17:07:43,399 - fast_influxdb_client.fast_influxdb_client - INFO - Sent metric: InfluxMetric: py_metric1-['data1:0.2458817140703884', 'data2:34', 'data3:True'] at 2023-12-13 01:07:43.396544+00:00
2023-12-12 17:07:44,401 - fast_influxdb_client.fast_influxdb_client - ERROR - None
2023-12-12 17:07:44,405 - fast_influxdb_client.fast_influxdb_client - INFO - Sent metric: InfluxMetric: py_metric1-['data1:0.8955024746137005', 'data2:29', 'data3:False'] at 2023-12-13 01:07:44.401540+00:00
2023-12-12 17:07:45,408 - fast_influxdb_client.fast_influxdb_client - ERROR - None
2023-12-12 17:07:45,410 - fast_influxdb_client.fast_influxdb_client - INFO - Sent metric: InfluxMetric: py_metric1-['data1:0.7174966431586438', 'data2:95', 'data3:True'] at 2023-12-13 01:07:45.408030+00:00
2023-12-12 17:07:46,412 - fast_influxdb_client.fast_influxdb_client - ERROR - None
2023-12-12 17:07:46,414 - fast_influxdb_client.fast_influxdb_client - INFO - Sent metric: InfluxMetric: py_metric1-['data1:0.08153124699242609', 'data2:26', 'data3:True'] at 2023-12-13 01:07:46.412542+00:00
2023-12-12 17:07:47,419 - fast_influxdb_client.fast_influxdb_client - ERROR - None
2023-12-12 17:07:47,421 - fast_influxdb_client.fast_influxdb_client - INFO - Sent metric: InfluxMetric: py_metric1-['data1:0.4048412111375689', 'data2:1', 'data3:True'] at 2023-12-13 01:07:47.419314+00:00
2023-12-12 17:07:48,424 - fast_influxdb_client.fast_influxdb_client - ERROR - None
2023-12-12 17:07:48,428 - fast_influxdb_client.fast_influxdb_client - INFO - Sent metric: InfluxMetric: py_metric1-['data1:0.6032115909066168', 'data2:44', 'data3:False'] at 2023-12-13 01:07:48.424053+00:00
2023-12-12 17:07:49,431 - fast_influxdb_client.fast_influxdb_client - ERROR - None
2023-12-12 17:07:49,437 - fast_influxdb_client.fast_influxdb_client - INFO - Sent metric: InfluxMetric: py_metric1-['data1:0.22575841698607335', 'data2:91', 'data3:False'] at 2023-12-13 01:07:49.431035+00:00
2023-12-12 17:07:50,440 - fast_influxdb_client.fast_influxdb_client - ERROR - None
2023-12-12 17:07:50,442 - fast_influxdb_client.fast_influxdb_client - INFO - Sent metric: InfluxMetric: py_metric1-['data1:0.8870593322500256', 'data2:45', 'data3:False'] at 2023-12-13 01:07:50.440048+00:00
2023-12-12 17:07:51,450 - fast_influxdb_client.fast_influxdb_client - ERROR - None
2023-12-12 17:07:51,452 - fast_influxdb_client.fast_influxdb_client - INFO - Sent metric: InfluxMetric: py_metric1-['data1:0.6026517991420279', 'data2:37', 'data3:True'] at 2023-12-13 01:07:51.450537+00:00
2023-12-12 17:07:52,465 - fast_influxdb_client.fast_influxdb_client - ERROR - None
2023-12-12 17:07:52,467 - fast_influxdb_client.fast_influxdb_client - INFO - Sent metric: InfluxMetric: py_metric1-['data1:0.5516766986041983', 'data2:87', 'data3:False'] at 2023-12-13 01:07:52.465035+00:00
2023-12-12 17:09:48,740 - fast_influxdb_client.fast_influxdb_client - ERROR - None
2023-12-12 17:09:48,754 - fast_influxdb_client.fast_influxdb_client - DEBUG - None
2023-12-12 17:09:48,756 - fast_influxdb_client.fast_influxdb_client - INFO - Sent metric: InfluxMetric: py_metric1-['data1:0.005970568786953012', 'data2:29', 'data3:False'] at 2023-12-13 01:09:48.740028+00:00
2023-12-12 17:09:49,758 - fast_influxdb_client.fast_influxdb_client - ERROR - None
2023-12-12 17:09:49,760 - fast_influxdb_client.fast_influxdb_client - DEBUG - None
2023-12-12 17:09:49,761 - fast_influxdb_client.fast_influxdb_client - INFO - Sent metric: InfluxMetric: py_metric1-['data1:0.7106450324096751', 'data2:90', 'data3:False'] at 2023-12-13 01:09:49.758154+00:00
2023-12-12 17:09:50,765 - fast_influxdb_client.fast_influxdb_client - ERROR - None
2023-12-12 17:09:50,767 - fast_influxdb_client.fast_influxdb_client - DEBUG - None
2023-12-12 17:09:50,769 - fast_influxdb_client.fast_influxdb_client - INFO - Sent metric: InfluxMetric: py_metric1-['data1:0.7794908623932474', 'data2:28', 'data3:True'] at 2023-12-13 01:09:50.764529+00:00
2023-12-12 17:09:51,772 - fast_influxdb_client.fast_influxdb_client - ERROR - None
2023-12-12 17:09:51,774 - fast_influxdb_client.fast_influxdb_client - DEBUG - None
2023-12-12 17:09:51,775 - fast_influxdb_client.fast_influxdb_client - INFO - Sent metric: InfluxMetric: py_metric1-['data1:0.24015102727252735', 'data2:71', 'data3:False'] at 2023-12-13 01:09:51.771660+00:00
2023-12-12 17:09:52,778 - fast_influxdb_client.fast_influxdb_client - ERROR - None
2023-12-12 17:09:52,781 - fast_influxdb_client.fast_influxdb_client - DEBUG - None
2023-12-12 17:09:52,782 - fast_influxdb_client.fast_influxdb_client - INFO - Sent metric: InfluxMetric: py_metric1-['data1:0.213510593201806', 'data2:3', 'data3:True'] at 2023-12-13 01:09:52.778660+00:00
2023-12-12 17:09:53,790 - fast_influxdb_client.fast_influxdb_client - ERROR - None
2023-12-12 17:09:53,792 - fast_influxdb_client.fast_influxdb_client - DEBUG - None
2023-12-12 17:09:53,794 - fast_influxdb_client.fast_influxdb_client - INFO - Sent metric: InfluxMetric: py_metric1-['data1:0.34114052133002926', 'data2:93', 'data3:False'] at 2023-12-13 01:09:53.790088+00:00
2023-12-12 17:09:54,796 - fast_influxdb_client.fast_influxdb_client - ERROR - None
2023-12-12 17:09:54,798 - fast_influxdb_client.fast_influxdb_client - DEBUG - None
2023-12-12 17:09:54,803 - fast_influxdb_client.fast_influxdb_client - INFO - Sent metric: InfluxMetric: py_metric1-['data1:0.930378944453069', 'data2:52', 'data3:False'] at 2023-12-13 01:09:54.796169+00:00
2023-12-12 17:12:30,069 - fast_influxdb_client.fast_influxdb_client - ERROR - None
2023-12-12 17:12:30,083 - fast_influxdb_client.fast_influxdb_client - INFO - Sent metric: InfluxMetric: py_metric1-['data1:0.4288411892181908', 'data2:47', 'data3:False'] at 2023-12-13 01:10:29.406909+00:00
2023-12-12 17:12:32,505 - fast_influxdb_client.fast_influxdb_client - ERROR - None
2023-12-12 17:12:32,508 - fast_influxdb_client.fast_influxdb_client - INFO - Sent metric: InfluxMetric: py_metric1-['data1:0.39766213375320736', 'data2:6', 'data3:False'] at 2023-12-13 01:12:31.086513+00:00
2023-12-12 17:12:36,171 - fast_influxdb_client.fast_influxdb_client - ERROR - None
2023-12-12 17:12:36,172 - fast_influxdb_client.fast_influxdb_client - INFO - Sent metric: InfluxMetric: py_metric1-['data1:0.0335439356841053', 'data2:5', 'data3:False'] at 2023-12-13 01:12:33.511002+00:00
2023-12-12 17:20:13,694 - fast_influxdb_client.fast_influxdb_client - ERROR - None
2023-12-12 17:20:13,708 - fast_influxdb_client.fast_influxdb_client - INFO - Sent metric: InfluxMetric: py_metric1-['data1:0.7985653770888339', 'data2:3', 'data3:True'] at 2023-12-13 01:18:27.745084+00:00
2023-12-12 17:20:22,146 - fast_influxdb_client.fast_influxdb_client - ERROR - None
2023-12-12 17:20:22,149 - fast_influxdb_client.fast_influxdb_client - INFO - Sent metric: InfluxMetric: py_metric1-['data1:0.7734555024578696', 'data2:80', 'data3:True'] at 2023-12-13 01:20:14.711104+00:00
2023-12-12 17:20:23,151 - fast_influxdb_client.fast_influxdb_client - ERROR - None
2023-12-12 17:20:23,154 - fast_influxdb_client.fast_influxdb_client - INFO - Sent metric: InfluxMetric: py_metric1-['data1:0.9803721543097016', 'data2:44', 'data3:False'] at 2023-12-13 01:20:23.151486+00:00
2023-12-12 17:20:24,159 - fast_influxdb_client.fast_influxdb_client - ERROR - None
2023-12-12 17:20:24,161 - fast_influxdb_client.fast_influxdb_client - INFO - Sent metric: InfluxMetric: py_metric1-['data1:0.8761556468302752', 'data2:63', 'data3:True'] at 2023-12-13 01:20:24.159893+00:00
2023-12-12 17:20:25,164 - fast_influxdb_client.fast_influxdb_client - ERROR - None
2023-12-12 17:20:25,166 - fast_influxdb_client.fast_influxdb_client - INFO - Sent metric: InfluxMetric: py_metric1-['data1:0.6845043126657183', 'data2:80', 'data3:True'] at 2023-12-13 01:20:25.164591+00:00
2023-12-12 17:20:26,168 - fast_influxdb_client.fast_influxdb_client - ERROR - None
2023-12-12 17:20:26,174 - fast_influxdb_client.fast_influxdb_client - INFO - Sent metric: InfluxMetric: py_metric1-['data1:0.09491510798071101', 'data2:64', 'data3:False'] at 2023-12-13 01:20:26.168984+00:00
2023-12-12 17:20:27,180 - fast_influxdb_client.fast_influxdb_client - ERROR - None
2023-12-12 17:20:27,184 - fast_influxdb_client.fast_influxdb_client - INFO - Sent metric: InfluxMetric: py_metric1-['data1:0.8249867649358046', 'data2:8', 'data3:False'] at 2023-12-13 01:20:27.180474+00:00
2023-12-12 17:20:28,186 - fast_influxdb_client.fast_influxdb_client - ERROR - None
2023-12-12 17:20:28,196 - fast_influxdb_client.fast_influxdb_client - INFO - Sent metric: InfluxMetric: py_metric1-['data1:0.6488641008927469', 'data2:11', 'data3:False'] at 2023-12-13 01:20:28.186960+00:00
2023-12-12 17:20:29,204 - fast_influxdb_client.fast_influxdb_client - ERROR - None
2023-12-12 17:20:29,208 - fast_influxdb_client.fast_influxdb_client - INFO - Sent metric: InfluxMetric: py_metric1-['data1:0.457125363294525', 'data2:86', 'data3:False'] at 2023-12-13 01:20:29.203606+00:00
2023-12-12 17:20:30,211 - fast_influxdb_client.fast_influxdb_client - ERROR - None
2023-12-12 17:20:30,213 - fast_influxdb_client.fast_influxdb_client - INFO - Sent metric: InfluxMetric: py_metric1-['data1:0.05214302225935896', 'data2:87', 'data3:False'] at 2023-12-13 01:20:30.211471+00:00
2023-12-12 17:20:31,216 - fast_influxdb_client.fast_influxdb_client - ERROR - None
2023-12-12 17:20:31,218 - fast_influxdb_client.fast_influxdb_client - INFO - Sent metric: InfluxMetric: py_metric1-['data1:0.34569307742960054', 'data2:76', 'data3:True'] at 2023-12-13 01:20:31.216305+00:00
2023-12-12 17:20:32,221 - fast_influxdb_client.fast_influxdb_client - ERROR - None
2023-12-12 17:20:32,223 - fast_influxdb_client.fast_influxdb_client - INFO - Sent metric: InfluxMetric: py_metric1-['data1:0.9293450080967893', 'data2:55', 'data3:False'] at 2023-12-13 01:20:32.221091+00:00
2023-12-12 17:20:33,225 - fast_influxdb_client.fast_influxdb_client - ERROR - None
2023-12-12 17:20:33,227 - fast_influxdb_client.fast_influxdb_client - INFO - Sent metric: InfluxMetric: py_metric1-['data1:0.9650493839892673', 'data2:39', 'data3:False'] at 2023-12-13 01:20:33.225587+00:00
2023-12-12 17:20:34,233 - fast_influxdb_client.fast_influxdb_client - ERROR - None
2023-12-12 17:20:34,235 - fast_influxdb_client.fast_influxdb_client - INFO - Sent metric: InfluxMetric: py_metric1-['data1:0.6117051403470537', 'data2:33', 'data3:False'] at 2023-12-13 01:20:34.233613+00:00
2023-12-12 17:20:35,238 - fast_influxdb_client.fast_influxdb_client - ERROR - None
2023-12-12 17:20:35,240 - fast_influxdb_client.fast_influxdb_client - INFO - Sent metric: InfluxMetric: py_metric1-['data1:0.3005241438572259', 'data2:2', 'data3:True'] at 2023-12-13 01:20:35.238283+00:00
2023-12-12 17:20:36,242 - fast_influxdb_client.fast_influxdb_client - ERROR - None
2023-12-12 17:20:36,244 - fast_influxdb_client.fast_influxdb_client - INFO - Sent metric: InfluxMetric: py_metric1-['data1:0.9063981365149605', 'data2:9', 'data3:True'] at 2023-12-13 01:20:36.242589+00:00
2023-12-12 17:20:37,249 - fast_influxdb_client.fast_influxdb_client - ERROR - None
2023-12-12 17:20:37,251 - fast_influxdb_client.fast_influxdb_client - INFO - Sent metric: InfluxMetric: py_metric1-['data1:0.06421861148422248', 'data2:44', 'data3:True'] at 2023-12-13 01:20:37.249109+00:00
2023-12-12 17:20:38,253 - fast_influxdb_client.fast_influxdb_client - ERROR - None
2023-12-12 17:20:38,255 - fast_influxdb_client.fast_influxdb_client - INFO - Sent metric: InfluxMetric: py_metric1-['data1:0.6865256187944803', 'data2:32', 'data3:False'] at 2023-12-13 01:20:38.253730+00:00
2023-12-12 17:20:39,260 - fast_influxdb_client.fast_influxdb_client - ERROR - None
2023-12-12 17:20:39,263 - fast_influxdb_client.fast_influxdb_client - INFO - Sent metric: InfluxMetric: py_metric1-['data1:0.6127467154640152', 'data2:38', 'data3:True'] at 2023-12-13 01:20:39.258261+00:00
2023-12-12 17:20:40,265 - fast_influxdb_client.fast_influxdb_client - ERROR - None
2023-12-12 17:20:40,267 - fast_influxdb_client.fast_influxdb_client - INFO - Sent metric: InfluxMetric: py_metric1-['data1:0.6211247661341132', 'data2:47', 'data3:False'] at 2023-12-13 01:20:40.265256+00:00
2023-12-12 17:20:41,269 - fast_influxdb_client.fast_influxdb_client - ERROR - None
2023-12-12 17:20:41,273 - fast_influxdb_client.fast_influxdb_client - INFO - Sent metric: InfluxMetric: py_metric1-['data1:0.31357440686642046', 'data2:74', 'data3:False'] at 2023-12-13 01:20:41.269585+00:00
2023-12-12 17:20:42,276 - fast_influxdb_client.fast_influxdb_client - ERROR - None
2023-12-12 17:20:42,278 - fast_influxdb_client.fast_influxdb_client - INFO - Sent metric: InfluxMetric: py_metric1-['data1:0.6523262114496315', 'data2:18', 'data3:False'] at 2023-12-13 01:20:42.276109+00:00
2023-12-12 17:20:43,282 - fast_influxdb_client.fast_influxdb_client - ERROR - None
2023-12-12 17:20:43,285 - fast_influxdb_client.fast_influxdb_client - INFO - Sent metric: InfluxMetric: py_metric1-['data1:0.4696976871631079', 'data2:10', 'data3:True'] at 2023-12-13 01:20:43.282474+00:00
2023-12-12 17:20:44,287 - fast_influxdb_client.fast_influxdb_client - ERROR - None
2023-12-12 17:20:44,289 - fast_influxdb_client.fast_influxdb_client - INFO - Sent metric: InfluxMetric: py_metric1-['data1:0.4056189011858208', 'data2:94', 'data3:True'] at 2023-12-13 01:20:44.287125+00:00
2023-12-12 17:20:45,293 - fast_influxdb_client.fast_influxdb_client - ERROR - None
2023-12-12 17:20:45,295 - fast_influxdb_client.fast_influxdb_client - INFO - Sent metric: InfluxMetric: py_metric1-['data1:0.2603603067152732', 'data2:82', 'data3:True'] at 2023-12-13 01:20:45.293484+00:00
2023-12-12 17:20:46,298 - fast_influxdb_client.fast_influxdb_client - ERROR - None
2023-12-12 17:20:46,301 - fast_influxdb_client.fast_influxdb_client - INFO - Sent metric: InfluxMetric: py_metric1-['data1:0.5268185891042549', 'data2:43', 'data3:True'] at 2023-12-13 01:20:46.298466+00:00
2023-12-12 17:20:47,303 - fast_influxdb_client.fast_influxdb_client - ERROR - None
2023-12-12 17:20:47,305 - fast_influxdb_client.fast_influxdb_client - INFO - Sent metric: InfluxMetric: py_metric1-['data1:0.3206013811070766', 'data2:88', 'data3:False'] at 2023-12-13 01:20:47.303456+00:00
2023-12-12 17:20:48,309 - fast_influxdb_client.fast_influxdb_client - ERROR - None
2023-12-12 17:20:48,312 - fast_influxdb_client.fast_influxdb_client - INFO - Sent metric: InfluxMetric: py_metric1-['data1:0.21454307615848212', 'data2:24', 'data3:False'] at 2023-12-13 01:20:48.309706+00:00
2023-12-12 17:20:49,315 - fast_influxdb_client.fast_influxdb_client - ERROR - None
2023-12-12 17:20:49,317 - fast_influxdb_client.fast_influxdb_client - INFO - Sent metric: InfluxMetric: py_metric1-['data1:0.593557843724782', 'data2:4', 'data3:False'] at 2023-12-13 01:20:49.315081+00:00
2023-12-12 17:20:50,319 - fast_influxdb_client.fast_influxdb_client - ERROR - None
2023-12-12 17:20:50,321 - fast_influxdb_client.fast_influxdb_client - INFO - Sent metric: InfluxMetric: py_metric1-['data1:0.023648845108173666', 'data2:83', 'data3:True'] at 2023-12-13 01:20:50.319587+00:00
2023-12-12 17:20:51,324 - fast_influxdb_client.fast_influxdb_client - ERROR - None
2023-12-12 17:20:51,326 - fast_influxdb_client.fast_influxdb_client - INFO - Sent metric: InfluxMetric: py_metric1-['data1:0.30881515426013695', 'data2:95', 'data3:True'] at 2023-12-13 01:20:51.324133+00:00
2023-12-12 17:20:52,328 - fast_influxdb_client.fast_influxdb_client - ERROR - None
2023-12-12 17:20:52,335 - fast_influxdb_client.fast_influxdb_client - INFO - Sent metric: InfluxMetric: py_metric1-['data1:0.35437667494640335', 'data2:24', 'data3:False'] at 2023-12-13 01:20:52.328959+00:00
2023-12-12 17:20:53,337 - fast_influxdb_client.fast_influxdb_client - ERROR - None
2023-12-12 17:20:53,340 - fast_influxdb_client.fast_influxdb_client - INFO - Sent metric: InfluxMetric: py_metric1-['data1:0.8147887058390497', 'data2:4', 'data3:False'] at 2023-12-13 01:20:53.337960+00:00
2023-12-12 17:20:54,343 - fast_influxdb_client.fast_influxdb_client - ERROR - None
2023-12-12 17:20:54,345 - fast_influxdb_client.fast_influxdb_client - INFO - Sent metric: InfluxMetric: py_metric1-['data1:0.09343807913901425', 'data2:44', 'data3:True'] at 2023-12-13 01:20:54.343102+00:00
2023-12-12 17:20:55,347 - fast_influxdb_client.fast_influxdb_client - ERROR - None
2023-12-12 17:20:55,349 - fast_influxdb_client.fast_influxdb_client - INFO - Sent metric: InfluxMetric: py_metric1-['data1:0.6093678704691878', 'data2:39', 'data3:True'] at 2023-12-13 01:20:55.347483+00:00
2023-12-12 17:20:56,354 - fast_influxdb_client.fast_influxdb_client - ERROR - None
2023-12-12 17:20:56,356 - fast_influxdb_client.fast_influxdb_client - INFO - Sent metric: InfluxMetric: py_metric1-['data1:0.7933044464524104', 'data2:100', 'data3:True'] at 2023-12-13 01:20:56.353043+00:00
2023-12-12 17:20:57,358 - fast_influxdb_client.fast_influxdb_client - ERROR - None
2023-12-12 17:20:57,360 - fast_influxdb_client.fast_influxdb_client - INFO - Sent metric: InfluxMetric: py_metric1-['data1:0.14906453535814823', 'data2:8', 'data3:False'] at 2023-12-13 01:20:57.358461+00:00
2023-12-12 17:20:58,365 - fast_influxdb_client.fast_influxdb_client - ERROR - None
2023-12-12 17:20:58,368 - fast_influxdb_client.fast_influxdb_client - INFO - Sent metric: InfluxMetric: py_metric1-['data1:0.5196650306576922', 'data2:33', 'data3:True'] at 2023-12-13 01:20:58.365958+00:00
2023-12-12 17:20:59,372 - fast_influxdb_client.fast_influxdb_client - ERROR - None
2023-12-12 17:20:59,375 - fast_influxdb_client.fast_influxdb_client - INFO - Sent metric: InfluxMetric: py_metric1-['data1:0.19994155268159086', 'data2:7', 'data3:True'] at 2023-12-13 01:20:59.371949+00:00
2023-12-12 17:21:00,378 - fast_influxdb_client.fast_influxdb_client - ERROR - None
2023-12-12 17:21:00,380 - fast_influxdb_client.fast_influxdb_client - INFO - Sent metric: InfluxMetric: py_metric1-['data1:0.3607113662203999', 'data2:98', 'data3:True'] at 2023-12-13 01:21:00.378086+00:00
2023-12-12 17:21:01,382 - fast_influxdb_client.fast_influxdb_client - ERROR - None
2023-12-12 17:21:01,384 - fast_influxdb_client.fast_influxdb_client - INFO - Sent metric: InfluxMetric: py_metric1-['data1:0.14774428329458034', 'data2:24', 'data3:False'] at 2023-12-13 01:21:01.382799+00:00
2023-12-12 17:21:02,391 - fast_influxdb_client.fast_influxdb_client - ERROR - None
2023-12-12 17:21:02,393 - fast_influxdb_client.fast_influxdb_client - INFO - Sent metric: InfluxMetric: py_metric1-['data1:0.31663030287656735', 'data2:31', 'data3:False'] at 2023-12-13 01:21:02.391456+00:00
2023-12-12 17:21:03,396 - fast_influxdb_client.fast_influxdb_client - ERROR - None
2023-12-12 17:21:03,398 - fast_influxdb_client.fast_influxdb_client - INFO - Sent metric: InfluxMetric: py_metric1-['data1:0.51606862266111', 'data2:79', 'data3:True'] at 2023-12-13 01:21:03.396149+00:00
2023-12-12 17:21:04,400 - fast_influxdb_client.fast_influxdb_client - ERROR - None
2023-12-12 17:21:04,402 - fast_influxdb_client.fast_influxdb_client - INFO - Sent metric: InfluxMetric: py_metric1-['data1:0.07996908241973655', 'data2:11', 'data3:True'] at 2023-12-13 01:21:04.400457+00:00
2023-12-12 17:24:12,730 - fast_influxdb_client.fast_influxdb_client - ERROR - None
2023-12-12 17:24:12,745 - fast_influxdb_client.fast_influxdb_client - INFO - Sent metric: InfluxMetric: py_metric1-['data1:0.28627811366202716', 'data2:48', 'data3:False'] at 2023-12-13 01:23:58.250531+00:00
2023-12-12 17:24:50,073 - fast_influxdb_client.fast_influxdb_client - ERROR - None
2023-12-12 17:24:50,087 - fast_influxdb_client.fast_influxdb_client - INFO - Sent metric: InfluxMetric: py_metric1-['data1:0.21576395790765068', 'data2:37', 'data3:True'] at 2023-12-13 01:24:44.096941+00:00
2023-12-12 17:24:52,588 - fast_influxdb_client.fast_influxdb_client - ERROR - None
2023-12-12 17:24:52,590 - fast_influxdb_client.fast_influxdb_client - INFO - Sent metric: InfluxMetric: py_metric1-['data1:0.9781579243621492', 'data2:80', 'data3:False'] at 2023-12-13 01:24:51.090965+00:00
2023-12-12 17:27:07,244 - fast_influxdb_client.fast_influxdb_client - ERROR - Failed to write data to InfluxDB: name 'result' is not defined
2023-12-12 17:27:23,583 - fast_influxdb_client.fast_influxdb_client - INFO - Sent metric: InfluxMetric: py_metric1-['data1:0.47578765187876004', 'data2:76', 'data3:True'] at 2023-12-13 01:27:23.583919+00:00
2023-12-12 17:27:24,598 - fast_influxdb_client.fast_influxdb_client - INFO - Sent metric: InfluxMetric: py_metric1-['data1:0.947081147637796', 'data2:82', 'data3:False'] at 2023-12-13 01:27:24.598049+00:00
2023-12-12 17:27:25,601 - fast_influxdb_client.fast_influxdb_client - INFO - Sent metric: InfluxMetric: py_metric1-['data1:0.16037212323870464', 'data2:20', 'data3:False'] at 2023-12-13 01:27:25.601152+00:00
2023-12-12 17:27:26,605 - fast_influxdb_client.fast_influxdb_client - INFO - Sent metric: InfluxMetric: py_metric1-['data1:0.12211175159808141', 'data2:68', 'data3:True'] at 2023-12-13 01:27:26.605435+00:00
2023-12-12 17:27:27,608 - fast_influxdb_client.fast_influxdb_client - INFO - Sent metric: InfluxMetric: py_metric1-['data1:0.8243208724192285', 'data2:83', 'data3:False'] at 2023-12-13 01:27:27.608423+00:00
2023-12-12 17:27:28,611 - fast_influxdb_client.fast_influxdb_client - INFO - Sent metric: InfluxMetric: py_metric1-['data1:0.34489916029608514', 'data2:58', 'data3:True'] at 2023-12-13 01:27:28.611050+00:00
2023-12-12 17:27:29,614 - fast_influxdb_client.fast_influxdb_client - INFO - Sent metric: InfluxMetric: py_metric1-['data1:0.6060554391185957', 'data2:93', 'data3:False'] at 2023-12-13 01:27:29.614946+00:00
2023-12-12 17:27:30,618 - fast_influxdb_client.fast_influxdb_client - INFO - Sent metric: InfluxMetric: py_metric1-['data1:0.3822544012372403', 'data2:93', 'data3:True'] at 2023-12-13 01:27:30.618058+00:00
2023-12-12 17:27:31,620 - fast_influxdb_client.fast_influxdb_client - INFO - Sent metric: InfluxMetric: py_metric1-['data1:0.7969465745036395', 'data2:81', 'data3:False'] at 2023-12-13 01:27:31.620924+00:00
2023-12-12 17:27:32,623 - fast_influxdb_client.fast_influxdb_client - INFO - Sent metric: InfluxMetric: py_metric1-['data1:0.27093947932242957', 'data2:69', 'data3:True'] at 2023-12-13 01:27:32.623605+00:00
2023-12-12 17:27:33,626 - fast_influxdb_client.fast_influxdb_client - INFO - Sent metric: InfluxMetric: py_metric1-['data1:0.45221241118710453', 'data2:2', 'data3:True'] at 2023-12-13 01:27:33.626061+00:00
2023-12-12 17:27:34,629 - fast_influxdb_client.fast_influxdb_client - INFO - Sent metric: InfluxMetric: py_metric1-['data1:0.9605433340960916', 'data2:75', 'data3:False'] at 2023-12-13 01:27:34.629018+00:00
2023-12-12 17:27:35,631 - fast_influxdb_client.fast_influxdb_client - INFO - Sent metric: InfluxMetric: py_metric1-['data1:0.001263603186285045', 'data2:3', 'data3:True'] at 2023-12-13 01:27:35.631437+00:00
2023-12-12 17:27:36,633 - fast_influxdb_client.fast_influxdb_client - INFO - Sent metric: InfluxMetric: py_metric1-['data1:0.1913640114632803', 'data2:24', 'data3:False'] at 2023-12-13 01:27:36.633954+00:00
2023-12-12 17:27:37,638 - fast_influxdb_client.fast_influxdb_client - INFO - Sent metric: InfluxMetric: py_metric1-['data1:0.4171202613597915', 'data2:39', 'data3:False'] at 2023-12-13 01:27:37.637258+00:00
2023-12-12 17:27:38,641 - fast_influxdb_client.fast_influxdb_client - INFO - Sent metric: InfluxMetric: py_metric1-['data1:0.6668428308301014', 'data2:62', 'data3:False'] at 2023-12-13 01:27:38.641248+00:00
2023-12-12 17:27:39,644 - fast_influxdb_client.fast_influxdb_client - INFO - Sent metric: InfluxMetric: py_metric1-['data1:0.19677730232830737', 'data2:75', 'data3:True'] at 2023-12-13 01:27:39.644429+00:00
2023-12-12 17:27:40,647 - fast_influxdb_client.fast_influxdb_client - INFO - Sent metric: InfluxMetric: py_metric1-['data1:0.2701306287354126', 'data2:83', 'data3:True'] at 2023-12-13 01:27:40.647961+00:00
2023-12-12 17:27:41,650 - fast_influxdb_client.fast_influxdb_client - INFO - Sent metric: InfluxMetric: py_metric1-['data1:0.7893428164436009', 'data2:83', 'data3:False'] at 2023-12-13 01:27:41.650917+00:00
2023-12-12 17:27:42,655 - fast_influxdb_client.fast_influxdb_client - INFO - Sent metric: InfluxMetric: py_metric1-['data1:0.9653436313973186', 'data2:29', 'data3:False'] at 2023-12-13 01:27:42.655063+00:00
2023-12-12 17:27:43,658 - fast_influxdb_client.fast_influxdb_client - INFO - Sent metric: InfluxMetric: py_metric1-['data1:0.937618004590405', 'data2:73', 'data3:False'] at 2023-12-13 01:27:43.658046+00:00
2023-12-12 17:27:44,660 - fast_influxdb_client.fast_influxdb_client - INFO - Sent metric: InfluxMetric: py_metric1-['data1:0.9636450859894892', 'data2:3', 'data3:False'] at 2023-12-13 01:27:44.660910+00:00
2023-12-12 17:27:45,665 - fast_influxdb_client.fast_influxdb_client - INFO - Sent metric: InfluxMetric: py_metric1-['data1:0.810109881362888', 'data2:75', 'data3:True'] at 2023-12-13 01:27:45.665416+00:00
2023-12-12 17:27:46,668 - fast_influxdb_client.fast_influxdb_client - INFO - Sent metric: InfluxMetric: py_metric1-['data1:0.1395040501257293', 'data2:66', 'data3:False'] at 2023-12-13 01:27:46.668554+00:00
2023-12-12 17:27:47,671 - fast_influxdb_client.fast_influxdb_client - INFO - Sent metric: InfluxMetric: py_metric1-['data1:0.9430846702667633', 'data2:15', 'data3:True'] at 2023-12-13 01:27:47.671418+00:00
2023-12-12 17:27:48,674 - fast_influxdb_client.fast_influxdb_client - INFO - Sent metric: InfluxMetric: py_metric1-['data1:0.35982187190638104', 'data2:51', 'data3:True'] at 2023-12-13 01:27:48.674933+00:00
2023-12-12 17:27:49,678 - fast_influxdb_client.fast_influxdb_client - INFO - Sent metric: InfluxMetric: py_metric1-['data1:0.6179267114672984', 'data2:27', 'data3:True'] at 2023-12-13 01:27:49.678033+00:00
2023-12-12 17:27:50,680 - fast_influxdb_client.fast_influxdb_client - INFO - Sent metric: InfluxMetric: py_metric1-['data1:0.72917475231499', 'data2:48', 'data3:False'] at 2023-12-13 01:27:50.680961+00:00
2023-12-12 17:27:51,684 - fast_influxdb_client.fast_influxdb_client - INFO - Sent metric: InfluxMetric: py_metric1-['data1:0.3513825690581358', 'data2:44', 'data3:True'] at 2023-12-13 01:27:51.684043+00:00
2023-12-12 17:27:52,686 - fast_influxdb_client.fast_influxdb_client - INFO - Sent metric: InfluxMetric: py_metric1-['data1:0.04194122284827406', 'data2:14', 'data3:True'] at 2023-12-13 01:27:52.686973+00:00
2023-12-12 17:28:40,253 - fast_influxdb_client.fast_influxdb_client - INFO - Sent metric: InfluxMetric: py_metric1-['data1:0.257776394507492', 'data2:33', 'data3:True'] at 2023-12-13 01:28:40.253701+00:00
2023-12-12 17:28:41,267 - fast_influxdb_client.fast_influxdb_client - INFO - Sent metric: InfluxMetric: py_metric1-['data1:0.4717560414942874', 'data2:38', 'data3:True'] at 2023-12-13 01:28:41.267977+00:00
2023-12-12 17:28:42,271 - fast_influxdb_client.fast_influxdb_client - INFO - Sent metric: InfluxMetric: py_metric1-['data1:0.26183005906912427', 'data2:85', 'data3:True'] at 2023-12-13 01:28:42.271126+00:00
2023-12-12 17:28:43,273 - fast_influxdb_client.fast_influxdb_client - INFO - Sent metric: InfluxMetric: py_metric1-['data1:0.8484779284588267', 'data2:33', 'data3:True'] at 2023-12-13 01:28:43.273637+00:00
2023-12-12 17:28:44,277 - fast_influxdb_client.fast_influxdb_client - INFO - Sent metric: InfluxMetric: py_metric1-['data1:0.8490646700752171', 'data2:37', 'data3:False'] at 2023-12-13 01:28:44.277620+00:00
2023-12-12 17:28:45,280 - fast_influxdb_client.fast_influxdb_client - INFO - Sent metric: InfluxMetric: py_metric1-['data1:0.8604145006399869', 'data2:64', 'data3:True'] at 2023-12-13 01:28:45.280614+00:00
2023-12-12 17:30:22,508 - fast_influxdb_client.fast_influxdb_client - INFO - Sent metric: InfluxMetric: py_metric1-['data1:0.22447520907931018', 'data2:24', 'data3:False'] at 2023-12-13 01:30:20.398121+00:00
2023-12-12 17:30:27,312 - fast_influxdb_client.fast_influxdb_client - INFO - Sent metric: InfluxMetric: py_metric1-['data1:0.7191291821465569', 'data2:35', 'data3:False'] at 2023-12-13 01:30:23.522901+00:00
2023-12-12 17:33:57,728 - fast_influxdb_client.fast_influxdb_client - ERROR - Failed to write data to InfluxDB: 'datetime.timedelta' object has no attribute 'tzinfo'
2023-12-12 17:55:09,152 - fast_influxdb_client.fast_influxdb_client - INFO - Sent metric: InfluxMetric: py_metric1-['data1:0.9701877903508273', 'data2:30', 'data3:True'] at 1702432507.17099
2023-12-12 17:55:11,054 - fast_influxdb_client.fast_influxdb_client - INFO - Sent metric: InfluxMetric: py_metric1-['data1:0.9821201896540633', 'data2:22', 'data3:True'] at 1702432510.167386
2023-12-12 17:55:14,164 - fast_influxdb_client.fast_influxdb_client - INFO - Sent metric: InfluxMetric: py_metric1-['data1:0.9523705956376936', 'data2:11', 'data3:False'] at 1702432512.056579
2023-12-12 17:57:58,921 - fast_influxdb_client.fast_influxdb_client - INFO - Sent metric: InfluxMetric: py_metric1-['data1:0.9741985464767552', 'data2:62', 'data3:True'] at 1702432678
2023-12-12 17:57:59,936 - fast_influxdb_client.fast_influxdb_client - INFO - Sent metric: InfluxMetric: py_metric1-['data1:0.46501089982504373', 'data2:80', 'data3:False'] at 1702432679
2023-12-12 17:58:00,940 - fast_influxdb_client.fast_influxdb_client - INFO - Sent metric: InfluxMetric: py_metric1-['data1:0.7481477158332644', 'data2:9', 'data3:False'] at 1702432680
2023-12-12 17:58:01,943 - fast_influxdb_client.fast_influxdb_client - INFO - Sent metric: InfluxMetric: py_metric1-['data1:0.9400598645687885', 'data2:28', 'data3:False'] at 1702432681
2023-12-12 17:58:02,946 - fast_influxdb_client.fast_influxdb_client - INFO - Sent metric: InfluxMetric: py_metric1-['data1:0.6862730773940782', 'data2:26', 'data3:False'] at 1702432682
2023-12-12 17:58:03,949 - fast_influxdb_client.fast_influxdb_client - INFO - Sent metric: InfluxMetric: py_metric1-['data1:0.7832291856431312', 'data2:96', 'data3:False'] at 1702432683
2023-12-12 17:58:04,952 - fast_influxdb_client.fast_influxdb_client - INFO - Sent metric: InfluxMetric: py_metric1-['data1:0.19039512182897356', 'data2:100', 'data3:False'] at 1702432684
2023-12-12 17:58:05,955 - fast_influxdb_client.fast_influxdb_client - INFO - Sent metric: InfluxMetric: py_metric1-['data1:0.05743507430801886', 'data2:82', 'data3:False'] at 1702432685
2023-12-12 17:58:06,958 - fast_influxdb_client.fast_influxdb_client - INFO - Sent metric: InfluxMetric: py_metric1-['data1:0.9429043461189003', 'data2:91', 'data3:True'] at 1702432686
2023-12-12 17:58:07,961 - fast_influxdb_client.fast_influxdb_client - INFO - Sent metric: InfluxMetric: py_metric1-['data1:0.7111294677670432', 'data2:41', 'data3:True'] at 1702432687
2023-12-12 17:58:08,965 - fast_influxdb_client.fast_influxdb_client - INFO - Sent metric: InfluxMetric: py_metric1-['data1:0.6149848375209814', 'data2:37', 'data3:True'] at 1702432688
2023-12-12 17:58:09,968 - fast_influxdb_client.fast_influxdb_client - INFO - Sent metric: InfluxMetric: py_metric1-['data1:0.35085526476889684', 'data2:91', 'data3:False'] at 1702432689
2023-12-12 17:58:10,971 - fast_influxdb_client.fast_influxdb_client - INFO - Sent metric: InfluxMetric: py_metric1-['data1:0.19579349341671948', 'data2:96', 'data3:False'] at 1702432690
2023-12-12 17:58:11,974 - fast_influxdb_client.fast_influxdb_client - INFO - Sent metric: InfluxMetric: py_metric1-['data1:0.9516465210040445', 'data2:12', 'data3:True'] at 1702432691
2023-12-12 17:58:12,977 - fast_influxdb_client.fast_influxdb_client - INFO - Sent metric: InfluxMetric: py_metric1-['data1:0.9885210617858593', 'data2:90', 'data3:True'] at 1702432692
2023-12-12 17:58:13,980 - fast_influxdb_client.fast_influxdb_client - INFO - Sent metric: InfluxMetric: py_metric1-['data1:0.8836830555904641', 'data2:2', 'data3:False'] at 1702432693
2023-12-12 18:06:30,317 - fast_influxdb_client.fast_influxdb_client - INFO - Sent metric: InfluxMetric: py_metric1-['data1:0.286717667608376', 'data2:88', 'data3:True'] at 2023-12-12 18:06:13.300712
2023-12-12 18:06:44,158 - fast_influxdb_client.fast_influxdb_client - INFO - Sent metric: InfluxMetric: py_metric1-['data1:0.601589806911442', 'data2:85', 'data3:False'] at 2023-12-12 18:06:31.333351
2023-12-12 18:06:45,170 - fast_influxdb_client.fast_influxdb_client - INFO - Sent metric: InfluxMetric: py_metric1-['data1:0.31198619635302016', 'data2:46', 'data3:True'] at 2023-12-12 18:06:45.162271
2023-12-12 18:06:46,184 - fast_influxdb_client.fast_influxdb_client - INFO - Sent metric: InfluxMetric: py_metric1-['data1:0.7023953104506152', 'data2:76', 'data3:True'] at 2023-12-12 18:06:46.175237
2023-12-12 18:06:47,195 - fast_influxdb_client.fast_influxdb_client - INFO - Sent metric: InfluxMetric: py_metric1-['data1:0.709665605105242', 'data2:31', 'data3:False'] at 2023-12-12 18:06:47.187752
2023-12-12 18:06:48,205 - fast_influxdb_client.fast_influxdb_client - INFO - Sent metric: InfluxMetric: py_metric1-['data1:0.8654640091643317', 'data2:54', 'data3:False'] at 2023-12-12 18:06:48.198225
2023-12-12 18:06:49,216 - fast_influxdb_client.fast_influxdb_client - INFO - Sent metric: InfluxMetric: py_metric1-['data1:0.24624361317327204', 'data2:37', 'data3:True'] at 2023-12-12 18:06:49.208220
2023-12-12 18:06:50,233 - fast_influxdb_client.fast_influxdb_client - INFO - Sent metric: InfluxMetric: py_metric1-['data1:0.04244765623193991', 'data2:33', 'data3:True'] at 2023-12-12 18:06:50.218763
2023-12-12 18:06:51,249 - fast_influxdb_client.fast_influxdb_client - INFO - Sent metric: InfluxMetric: py_metric1-['data1:0.907407994036457', 'data2:58', 'data3:False'] at 2023-12-12 18:06:51.237223
2023-12-12 18:06:52,264 - fast_influxdb_client.fast_influxdb_client - INFO - Sent metric: InfluxMetric: py_metric1-['data1:0.3291722726077301', 'data2:4', 'data3:True'] at 2023-12-12 18:06:52.254588
2023-12-12 18:06:53,282 - fast_influxdb_client.fast_influxdb_client - INFO - Sent metric: InfluxMetric: py_metric1-['data1:0.0652590609436573', 'data2:32', 'data3:False'] at 2023-12-12 18:06:53.270851
2023-12-12 18:06:54,299 - fast_influxdb_client.fast_influxdb_client - INFO - Sent metric: InfluxMetric: py_metric1-['data1:0.7267296865492954', 'data2:19', 'data3:True'] at 2023-12-12 18:06:54.286347
2023-12-12 18:06:55,313 - fast_influxdb_client.fast_influxdb_client - INFO - Sent metric: InfluxMetric: py_metric1-['data1:0.5135208538327272', 'data2:67', 'data3:True'] at 2023-12-12 18:06:55.302347
2023-12-12 18:06:56,326 - fast_influxdb_client.fast_influxdb_client - INFO - Sent metric: InfluxMetric: py_metric1-['data1:0.8983928674081579', 'data2:94', 'data3:False'] at 2023-12-12 18:06:56.316117
2023-12-12 18:06:57,338 - fast_influxdb_client.fast_influxdb_client - INFO - Sent metric: InfluxMetric: py_metric1-['data1:0.06697623279192966', 'data2:68', 'data3:True'] at 2023-12-12 18:06:57.329230
2023-12-12 18:06:58,350 - fast_influxdb_client.fast_influxdb_client - INFO - Sent metric: InfluxMetric: py_metric1-['data1:0.7781550598623682', 'data2:35', 'data3:False'] at 2023-12-12 18:06:58.343217
2023-12-12 18:06:59,363 - fast_influxdb_client.fast_influxdb_client - INFO - Sent metric: InfluxMetric: py_metric1-['data1:0.37799156035957693', 'data2:57', 'data3:False'] at 2023-12-12 18:06:59.356288
2023-12-12 18:07:00,377 - fast_influxdb_client.fast_influxdb_client - INFO - Sent metric: InfluxMetric: py_metric1-['data1:0.11847954270985295', 'data2:92', 'data3:False'] at 2023-12-12 18:07:00.370854
2023-12-12 18:07:01,400 - fast_influxdb_client.fast_influxdb_client - INFO - Sent metric: InfluxMetric: py_metric1-['data1:0.3904134821055756', 'data2:30', 'data3:False'] at 2023-12-12 18:07:01.385246
2023-12-12 18:07:02,415 - fast_influxdb_client.fast_influxdb_client - INFO - Sent metric: InfluxMetric: py_metric1-['data1:0.35060768678681475', 'data2:89', 'data3:True'] at 2023-12-12 18:07:02.405227
2023-12-12 18:07:03,437 - fast_influxdb_client.fast_influxdb_client - INFO - Sent metric: InfluxMetric: py_metric1-['data1:0.10950150828451932', 'data2:20', 'data3:True'] at 2023-12-12 18:07:03.426353
2023-12-12 18:07:04,459 - fast_influxdb_client.fast_influxdb_client - INFO - Sent metric: InfluxMetric: py_metric1-['data1:0.6065356559558794', 'data2:1', 'data3:False'] at 2023-12-12 18:07:04.442230
2023-12-12 18:07:05,478 - fast_influxdb_client.fast_influxdb_client - INFO - Sent metric: InfluxMetric: py_metric1-['data1:0.2048075615885292', 'data2:85', 'data3:True'] at 2023-12-12 18:07:05.461724
2023-12-12 18:07:06,495 - fast_influxdb_client.fast_influxdb_client - INFO - Sent metric: InfluxMetric: py_metric1-['data1:0.3926936487037359', 'data2:86', 'data3:True'] at 2023-12-12 18:07:06.482241
2023-12-12 18:07:07,508 - fast_influxdb_client.fast_influxdb_client - INFO - Sent metric: InfluxMetric: py_metric1-['data1:0.9373486144427412', 'data2:20', 'data3:False'] at 2023-12-12 18:07:07.498862
2023-12-12 18:07:08,520 - fast_influxdb_client.fast_influxdb_client - INFO - Sent metric: InfluxMetric: py_metric1-['data1:0.9587376218546624', 'data2:14', 'data3:True'] at 2023-12-12 18:07:08.511416
2023-12-12 18:07:09,539 - fast_influxdb_client.fast_influxdb_client - INFO - Sent metric: InfluxMetric: py_metric1-['data1:0.762928339707918', 'data2:81', 'data3:False'] at 2023-12-12 18:07:09.523850
2023-12-12 18:07:10,555 - fast_influxdb_client.fast_influxdb_client - INFO - Sent metric: InfluxMetric: py_metric1-['data1:0.4458639645208168', 'data2:11', 'data3:False'] at 2023-12-12 18:07:10.545855
2023-12-12 18:07:11,574 - fast_influxdb_client.fast_influxdb_client - INFO - Sent metric: InfluxMetric: py_metric1-['data1:0.254419577221087', 'data2:97', 'data3:True'] at 2023-12-12 18:07:11.564226
2023-12-12 18:07:12,596 - fast_influxdb_client.fast_influxdb_client - INFO - Sent metric: InfluxMetric: py_metric1-['data1:0.007655053135343648', 'data2:57', 'data3:True'] at 2023-12-12 18:07:12.577225
2023-12-12 18:07:13,613 - fast_influxdb_client.fast_influxdb_client - INFO - Sent metric: InfluxMetric: py_metric1-['data1:0.7324970814325541', 'data2:54', 'data3:False'] at 2023-12-12 18:07:13.602811
2023-12-12 18:09:12,177 - fast_influxdb_client.fast_influxdb_client - INFO - Sent metric: InfluxMetric: py_metric1-['data1:0.23756650704820903', 'data2:28', 'data3:False'] at 2023-12-13 02:09:09.930955
2023-12-12 18:09:22,135 - fast_influxdb_client.fast_influxdb_client - INFO - Sent metric: InfluxMetric: py_metric1-['data1:0.05049735544698564', 'data2:1', 'data3:True'] at 2023-12-13 02:09:13.192843
2023-12-12 18:09:23,147 - fast_influxdb_client.fast_influxdb_client - INFO - Sent metric: InfluxMetric: py_metric1-['data1:0.43858275547750414', 'data2:96', 'data3:False'] at 2023-12-13 02:09:23.138346
2023-12-12 18:09:24,157 - fast_influxdb_client.fast_influxdb_client - INFO - Sent metric: InfluxMetric: py_metric1-['data1:0.25541793736921026', 'data2:60', 'data3:False'] at 2023-12-13 02:09:24.150851
2023-12-12 18:09:25,167 - fast_influxdb_client.fast_influxdb_client - INFO - Sent metric: InfluxMetric: py_metric1-['data1:0.1619980586156684', 'data2:83', 'data3:True'] at 2023-12-13 02:09:25.160740
2023-12-12 18:09:26,176 - fast_influxdb_client.fast_influxdb_client - INFO - Sent metric: InfluxMetric: py_metric1-['data1:0.0069176283971026375', 'data2:86', 'data3:False'] at 2023-12-13 02:09:26.170354
2023-12-12 18:09:27,188 - fast_influxdb_client.fast_influxdb_client - INFO - Sent metric: InfluxMetric: py_metric1-['data1:0.11575100094763635', 'data2:34', 'data3:False'] at 2023-12-13 02:09:27.179734
2023-12-12 18:09:28,203 - fast_influxdb_client.fast_influxdb_client - INFO - Sent metric: InfluxMetric: py_metric1-['data1:0.6937996494053382', 'data2:76', 'data3:True'] at 2023-12-13 02:09:28.192745
2023-12-12 18:09:29,218 - fast_influxdb_client.fast_influxdb_client - INFO - Sent metric: InfluxMetric: py_metric1-['data1:0.16480295183817362', 'data2:41', 'data3:False'] at 2023-12-13 02:09:29.207535
2023-12-12 18:09:30,235 - fast_influxdb_client.fast_influxdb_client - INFO - Sent metric: InfluxMetric: py_metric1-['data1:0.6544456038333853', 'data2:32', 'data3:True'] at 2023-12-13 02:09:30.225222
2023-12-12 18:09:31,247 - fast_influxdb_client.fast_influxdb_client - INFO - Sent metric: InfluxMetric: py_metric1-['data1:0.8328147451907582', 'data2:13', 'data3:True'] at 2023-12-13 02:09:31.237845
2023-12-12 18:09:32,263 - fast_influxdb_client.fast_influxdb_client - INFO - Sent metric: InfluxMetric: py_metric1-['data1:0.9269301286538542', 'data2:94', 'data3:False'] at 2023-12-13 02:09:32.251219
2023-12-12 18:09:33,279 - fast_influxdb_client.fast_influxdb_client - INFO - Sent metric: InfluxMetric: py_metric1-['data1:0.6797710760450744', 'data2:8', 'data3:False'] at 2023-12-13 02:09:33.266723
2023-12-12 18:09:34,292 - fast_influxdb_client.fast_influxdb_client - INFO - Sent metric: InfluxMetric: py_metric1-['data1:0.8513090945554038', 'data2:97', 'data3:False'] at 2023-12-13 02:09:34.282869
2023-12-12 18:09:35,307 - fast_influxdb_client.fast_influxdb_client - INFO - Sent metric: InfluxMetric: py_metric1-['data1:0.9877227162643724', 'data2:8', 'data3:False'] at 2023-12-13 02:09:35.295222
2023-12-12 18:09:36,331 - fast_influxdb_client.fast_influxdb_client - INFO - Sent metric: InfluxMetric: py_metric1-['data1:0.5618794494741136', 'data2:27', 'data3:False'] at 2023-12-13 02:09:36.313035
2023-12-12 18:09:37,348 - fast_influxdb_client.fast_influxdb_client - INFO - Sent metric: InfluxMetric: py_metric1-['data1:0.8447278110149457', 'data2:39', 'data3:False'] at 2023-12-13 02:09:37.335229
2023-12-12 18:10:02,138 - fast_influxdb_client.fast_influxdb_client - INFO - Sent metric: InfluxMetric: py_metric1-['data1:0.45246280276351847', 'data2:43', 'data3:True'] at 2023-12-13 02:10:02.124573
2023-12-12 18:10:42,964 - fast_influxdb_client.fast_influxdb_client - INFO - Sent metric: InfluxMetric: py_metric1-['data1:0.5059018802405195', 'data2:54', 'data3:True'] at 2023-12-13 02:10:42.952729+00:00
2023-12-12 18:10:43,989 - fast_influxdb_client.fast_influxdb_client - INFO - Sent metric: InfluxMetric: py_metric1-['data1:0.25082554794182066', 'data2:11', 'data3:False'] at 2023-12-13 02:10:43.977937+00:00
2023-12-12 18:10:45,002 - fast_influxdb_client.fast_influxdb_client - INFO - Sent metric: InfluxMetric: py_metric1-['data1:0.5565372810267053', 'data2:68', 'data3:True'] at 2023-12-13 02:10:44.992360+00:00
2023-12-12 18:10:46,014 - fast_influxdb_client.fast_influxdb_client - INFO - Sent metric: InfluxMetric: py_metric1-['data1:0.45238440898959165', 'data2:55', 'data3:True'] at 2023-12-13 02:10:46.007659+00:00
2023-12-12 18:10:47,024 - fast_influxdb_client.fast_influxdb_client - INFO - Sent metric: InfluxMetric: py_metric1-['data1:0.2310725423998241', 'data2:23', 'data3:True'] at 2023-12-13 02:10:47.017842+00:00
2023-12-12 18:11:11,526 - fast_influxdb_client.fast_influxdb_client - INFO - Sent metric: InfluxMetric: py_metric1-['data1:0.12822716323315342', 'data2:26', 'data3:False'] at 2023-12-13 02:11:11.515762+00:00
2023-12-12 18:11:12,551 - fast_influxdb_client.fast_influxdb_client - INFO - Sent metric: InfluxMetric: py_metric1-['data1:0.14472067117576404', 'data2:25', 'data3:False'] at 2023-12-13 02:11:12.541764+00:00
2023-12-12 18:11:13,564 - fast_influxdb_client.fast_influxdb_client - INFO - Sent metric: InfluxMetric: py_metric1-['data1:0.019899460355277343', 'data2:32', 'data3:True'] at 2023-12-13 02:11:13.554848+00:00
2023-12-12 18:11:14,577 - fast_influxdb_client.fast_influxdb_client - INFO - Sent metric: InfluxMetric: py_metric1-['data1:0.28778406921755295', 'data2:76', 'data3:True'] at 2023-12-13 02:11:14.567221+00:00
2023-12-12 18:11:15,590 - fast_influxdb_client.fast_influxdb_client - INFO - Sent metric: InfluxMetric: py_metric1-['data1:0.8075751571978381', 'data2:33', 'data3:True'] at 2023-12-13 02:11:15.580235+00:00
2023-12-12 18:11:16,602 - fast_influxdb_client.fast_influxdb_client - INFO - Sent metric: InfluxMetric: py_metric1-['data1:0.21785397202139722', 'data2:13', 'data3:True'] at 2023-12-13 02:11:16.593225+00:00
2023-12-12 18:11:17,615 - fast_influxdb_client.fast_influxdb_client - INFO - Sent metric: InfluxMetric: py_metric1-['data1:0.04695085916361397', 'data2:55', 'data3:True'] at 2023-12-13 02:11:17.605896+00:00
2023-12-12 18:11:18,629 - fast_influxdb_client.fast_influxdb_client - INFO - Sent metric: InfluxMetric: py_metric1-['data1:0.44241356295734535', 'data2:55', 'data3:False'] at 2023-12-13 02:11:18.618328+00:00
2023-12-12 18:12:07,439 - fast_influxdb_client.fast_influxdb_client - INFO - Sent metric: InfluxMetric: py_metric1-['data1:0.6418917939962803', 'data2:62', 'data3:False'] at 2023-12-13 02:12:07.428842+00:00
2023-12-12 18:12:08,466 - fast_influxdb_client.fast_influxdb_client - INFO - Sent metric: InfluxMetric: py_metric1-['data1:0.7049348137871765', 'data2:74', 'data3:True'] at 2023-12-13 02:12:08.455487+00:00
2023-12-12 18:12:09,482 - fast_influxdb_client.fast_influxdb_client - INFO - Sent metric: InfluxMetric: py_metric1-['data1:0.8909055990913742', 'data2:32', 'data3:True'] at 2023-12-13 02:12:09.469777+00:00
2023-12-12 18:12:10,498 - fast_influxdb_client.fast_influxdb_client - INFO - Sent metric: InfluxMetric: py_metric1-['data1:0.4321290243277959', 'data2:92', 'data3:False'] at 2023-12-13 02:12:10.485221+00:00
2023-12-12 18:12:11,511 - fast_influxdb_client.fast_influxdb_client - INFO - Sent metric: InfluxMetric: py_metric1-['data1:0.29384929763400025', 'data2:66', 'data3:True'] at 2023-12-13 02:12:11.501216+00:00
2023-12-12 18:12:12,525 - fast_influxdb_client.fast_influxdb_client - INFO - Sent metric: InfluxMetric: py_metric1-['data1:0.6036738224199554', 'data2:69', 'data3:True'] at 2023-12-13 02:12:12.514276+00:00
2023-12-12 18:12:13,539 - fast_influxdb_client.fast_influxdb_client - INFO - Sent metric: InfluxMetric: py_metric1-['data1:0.7066926585331906', 'data2:13', 'data3:False'] at 2023-12-13 02:12:13.529237+00:00
2023-12-12 18:12:14,554 - fast_influxdb_client.fast_influxdb_client - INFO - Sent metric: InfluxMetric: py_metric1-['data1:0.4927527097208926', 'data2:75', 'data3:True'] at 2023-12-13 02:12:14.542840+00:00
2023-12-12 18:12:15,568 - fast_influxdb_client.fast_influxdb_client - INFO - Sent metric: InfluxMetric: py_metric1-['data1:0.7663269200626145', 'data2:32', 'data3:True'] at 2023-12-13 02:12:15.558222+00:00
2023-12-12 18:13:11,732 - fast_influxdb_client.fast_influxdb_client - INFO - Sent metric: InfluxMetric: py_metric1-['data1:0.7138804801452332', 'data2:24', 'data3:False'] at 2023-12-13 02:13:11.718723+00:00
2023-12-12 18:13:12,758 - fast_influxdb_client.fast_influxdb_client - INFO - Sent metric: InfluxMetric: py_metric1-['data1:0.18456959182847732', 'data2:39', 'data3:False'] at 2023-12-13 02:13:12.747222+00:00
2023-12-12 18:13:13,771 - fast_influxdb_client.fast_influxdb_client - INFO - Sent metric: InfluxMetric: py_metric1-['data1:0.08049393318723586', 'data2:32', 'data3:True'] at 2023-12-13 02:13:13.760848+00:00
2023-12-12 18:13:14,784 - fast_influxdb_client.fast_influxdb_client - INFO - Sent metric: InfluxMetric: py_metric1-['data1:0.6480751517323871', 'data2:13', 'data3:False'] at 2023-12-13 02:13:14.774258+00:00
2023-12-12 18:13:15,797 - fast_influxdb_client.fast_influxdb_client - INFO - Sent metric: InfluxMetric: py_metric1-['data1:0.12860499208289422', 'data2:32', 'data3:False'] at 2023-12-13 02:13:15.787231+00:00
2023-12-12 18:13:16,810 - fast_influxdb_client.fast_influxdb_client - INFO - Sent metric: InfluxMetric: py_metric1-['data1:0.041543733014671846', 'data2:60', 'data3:False'] at 2023-12-13 02:13:16.800216+00:00
2023-12-12 18:13:17,823 - fast_influxdb_client.fast_influxdb_client - INFO - Sent metric: InfluxMetric: py_metric1-['data1:0.4416129263564622', 'data2:68', 'data3:False'] at 2023-12-13 02:13:17.813683+00:00
2023-12-12 18:14:22,692 - fast_influxdb_client.fast_influxdb_client - INFO - Sent metric to bucket:'metrics2' on influxdb at http://pi-dev.local:8086
2023-12-12 18:14:22,705 - fast_influxdb_client.fast_influxdb_client - INFO - Sent metric: InfluxMetric: py_metric1-['data1:0.7638225201695018', 'data2:92', 'data3:True'] at 2023-12-13 02:14:22.675714+00:00
2023-12-12 18:14:24,658 - fast_influxdb_client.fast_influxdb_client - INFO - Sent metric to bucket:'metrics2' on influxdb at http://pi-dev.local:8086
2023-12-12 18:14:25,685 - fast_influxdb_client.fast_influxdb_client - INFO - Sent metric to bucket:'metrics2' on influxdb at http://pi-dev.local:8086
2023-12-12 18:14:26,697 - fast_influxdb_client.fast_influxdb_client - INFO - Sent metric to bucket:'metrics2' on influxdb at http://pi-dev.local:8086
2023-12-12 18:14:27,709 - fast_influxdb_client.fast_influxdb_client - INFO - Sent metric to bucket:'metrics2' on influxdb at http://pi-dev.local:8086
2023-12-12 18:14:28,724 - fast_influxdb_client.fast_influxdb_client - INFO - Sent metric to bucket:'metrics2' on influxdb at http://pi-dev.local:8086
2023-12-12 18:14:29,741 - fast_influxdb_client.fast_influxdb_client - INFO - Sent metric to bucket:'metrics2' on influxdb at http://pi-dev.local:8086
2023-12-12 18:14:30,759 - fast_influxdb_client.fast_influxdb_client - INFO - Sent metric to bucket:'metrics2' on influxdb at http://pi-dev.local:8086
2023-12-12 18:14:31,773 - fast_influxdb_client.fast_influxdb_client - INFO - Sent metric to bucket:'metrics2' on influxdb at http://pi-dev.local:8086
2023-12-12 18:14:32,790 - fast_influxdb_client.fast_influxdb_client - INFO - Sent metric to bucket:'metrics2' on influxdb at http://pi-dev.local:8086
2023-12-12 18:15:32,552 - fast_influxdb_client.fast_influxdb_client - INFO - Sent metric to bucket:'metrics2' on influxdb at http://pi-dev.local:8086
2023-12-12 18:15:33,578 - fast_influxdb_client.fast_influxdb_client - INFO - Sent metric to bucket:'metrics2' on influxdb at http://pi-dev.local:8086
2023-12-12 18:15:34,594 - fast_influxdb_client.fast_influxdb_client - INFO - Sent metric to bucket:'metrics2' on influxdb at http://pi-dev.local:8086
2023-12-12 18:15:35,607 - fast_influxdb_client.fast_influxdb_client - INFO - Sent metric to bucket:'metrics2' on influxdb at http://pi-dev.local:8086
2023-12-12 18:15:36,623 - fast_influxdb_client.fast_influxdb_client - INFO - Sent metric to bucket:'metrics2' on influxdb at http://pi-dev.local:8086
2023-12-12 18:15:37,639 - fast_influxdb_client.fast_influxdb_client - INFO - Sent metric to bucket:'metrics2' on influxdb at http://pi-dev.local:8086
2023-12-12 18:15:38,651 - fast_influxdb_client.fast_influxdb_client - INFO - Sent metric to bucket:'metrics2' on influxdb at http://pi-dev.local:8086
2023-12-12 18:15:39,664 - fast_influxdb_client.fast_influxdb_client - INFO - Sent metric to bucket:'metrics2' on influxdb at http://pi-dev.local:8086
2023-12-12 18:15:40,676 - fast_influxdb_client.fast_influxdb_client - INFO - Sent metric to bucket:'metrics2' on influxdb at http://pi-dev.local:8086
2023-12-12 18:15:41,689 - fast_influxdb_client.fast_influxdb_client - INFO - Sent metric to bucket:'metrics2' on influxdb at http://pi-dev.local:8086
2023-12-12 18:15:42,705 - fast_influxdb_client.fast_influxdb_client - INFO - Sent metric to bucket:'metrics2' on influxdb at http://pi-dev.local:8086
